Component: Arm Compiler for Embedded 6.21 Tool: armlink [5ec1fa00]

==============================================================================

Section Cross References

    startup_stm32f334x8.o(RESET) refers to startup_stm32f334x8.o(STACK) for __initial_sp
    startup_stm32f334x8.o(RESET) refers to startup_stm32f334x8.o(.text) for Reset_Handler
    startup_stm32f334x8.o(RESET) refers to stm32f3xx_it.o(.text.NMI_Handler) for NMI_Handler
    startup_stm32f334x8.o(RESET) refers to stm32f3xx_it.o(.text.HardFault_Handler) for HardFault_Handler
    startup_stm32f334x8.o(RESET) refers to stm32f3xx_it.o(.text.MemManage_Handler) for MemManage_Handler
    startup_stm32f334x8.o(RESET) refers to stm32f3xx_it.o(.text.BusFault_Handler) for BusFault_Handler
    startup_stm32f334x8.o(RESET) refers to stm32f3xx_it.o(.text.UsageFault_Handler) for UsageFault_Handler
    startup_stm32f334x8.o(RESET) refers to stm32f3xx_it.o(.text.SVC_Handler) for SVC_Handler
    startup_stm32f334x8.o(RESET) refers to stm32f3xx_it.o(.text.DebugMon_Handler) for DebugMon_Handler
    startup_stm32f334x8.o(RESET) refers to stm32f3xx_it.o(.text.PendSV_Handler) for PendSV_Handler
    startup_stm32f334x8.o(RESET) refers to stm32f3xx_it.o(.text.SysTick_Handler) for SysTick_Handler
    startup_stm32f334x8.o(RESET) refers to stm32f3xx_it.o(.text.DMA1_Channel1_IRQHandler) for DMA1_Channel1_IRQHandler
    startup_stm32f334x8.o(RESET) refers to stm32f3xx_it.o(.text.DMA1_Channel2_IRQHandler) for DMA1_Channel2_IRQHandler
    startup_stm32f334x8.o(RESET) refers to stm32f3xx_it.o(.text.CAN_RX0_IRQHandler) for CAN_RX0_IRQHandler
    startup_stm32f334x8.o(RESET) refers to stm32f3xx_it.o(.text.TIM2_IRQHandler) for TIM2_IRQHandler
    startup_stm32f334x8.o(.text) refers to system_stm32f3xx.o(.text.SystemInit) for SystemInit
    startup_stm32f334x8.o(.text) refers to entry.o(.ARM.Collect$$$$00000000) for __main
    main.o(.text.main) refers to stm32f3xx_hal.o(.text.HAL_Init) for HAL_Init
    main.o(.text.main) refers to stm32f3xx_hal_rcc.o(.text.HAL_RCC_OscConfig) for HAL_RCC_OscConfig
    main.o(.text.main) refers to stm32f3xx_hal_rcc.o(.text.HAL_RCC_ClockConfig) for HAL_RCC_ClockConfig
    main.o(.text.main) refers to stm32f3xx_hal_rcc_ex.o(.text.HAL_RCCEx_PeriphCLKConfig) for HAL_RCCEx_PeriphCLKConfig
    main.o(.text.main) refers to gpio.o(.text.MX_GPIO_Init) for MX_GPIO_Init
    main.o(.text.main) refers to dma.o(.text.MX_DMA_Init) for MX_DMA_Init
    main.o(.text.main) refers to hrtim.o(.text.MX_HRTIM1_Init) for MX_HRTIM1_Init
    main.o(.text.main) refers to adc.o(.text.MX_ADC1_Init) for MX_ADC1_Init
    main.o(.text.main) refers to adc.o(.text.MX_ADC2_Init) for MX_ADC2_Init
    main.o(.text.main) refers to can.o(.text.MX_CAN_Init) for MX_CAN_Init
    main.o(.text.main) refers to tim.o(.text.MX_TIM2_Init) for MX_TIM2_Init
    main.o(.text.main) refers to usart.o(.text.MX_USART2_UART_Init) for MX_USART2_UART_Init
    main.o(.text.main) refers to cap.o(.text.system_init) for system_init
    main.o(.text.main) refers to cap.o(.data.adc_data) for adc_data
    main.o(.text.main) refers to usart.o(.bss.huart2) for huart2
    main.o(.text.main) refers to f2d.o(.text) for __aeabi_f2d
    main.o(.text.main) refers to function.o(.text.MyPrintf) for MyPrintf
    main.o(.ARM.exidx.text.main) refers to main.o(.text.main) for [Anonymous Symbol]
    main.o(.text.SystemClock_Config) refers to stm32f3xx_hal_rcc.o(.text.HAL_RCC_OscConfig) for HAL_RCC_OscConfig
    main.o(.text.SystemClock_Config) refers to stm32f3xx_hal_rcc.o(.text.HAL_RCC_ClockConfig) for HAL_RCC_ClockConfig
    main.o(.text.SystemClock_Config) refers to stm32f3xx_hal_rcc_ex.o(.text.HAL_RCCEx_PeriphCLKConfig) for HAL_RCCEx_PeriphCLKConfig
    main.o(.ARM.exidx.text.SystemClock_Config) refers to main.o(.text.SystemClock_Config) for [Anonymous Symbol]
    main.o(.ARM.exidx.text.Error_Handler) refers to main.o(.text.Error_Handler) for [Anonymous Symbol]
    main.o(.text.HAL_TIM_PeriodElapsedCallback) refers to cap.o(.data.adc_data) for adc_data
    main.o(.text.HAL_TIM_PeriodElapsedCallback) refers to main.o(.bss..L_MergedGlobals) for .L_MergedGlobals
    main.o(.text.HAL_TIM_PeriodElapsedCallback) refers to cap.o(.text.adc_solve) for adc_solve
    main.o(.text.HAL_TIM_PeriodElapsedCallback) refers to cap.o(.text.mode_choose) for mode_choose
    main.o(.text.HAL_TIM_PeriodElapsedCallback) refers to cap.o(.text.Power_Loop) for Power_Loop
    main.o(.text.HAL_TIM_PeriodElapsedCallback) refers to state_led.o(.text.led_error) for led_error
    main.o(.ARM.exidx.text.HAL_TIM_PeriodElapsedCallback) refers to main.o(.text.HAL_TIM_PeriodElapsedCallback) for [Anonymous Symbol]
    gpio.o(.text.MX_GPIO_Init) refers to stm32f3xx_hal_gpio.o(.text.HAL_GPIO_WritePin) for HAL_GPIO_WritePin
    gpio.o(.text.MX_GPIO_Init) refers to stm32f3xx_hal_gpio.o(.text.HAL_GPIO_Init) for HAL_GPIO_Init
    gpio.o(.ARM.exidx.text.MX_GPIO_Init) refers to gpio.o(.text.MX_GPIO_Init) for [Anonymous Symbol]
[...]
    Removing stm32f3xx_hal_uart.o(.text.UART_DMARxHalfCplt), (26 bytes).
    Removing stm32f3xx_hal_uart.o(.ARM.exidx.text.UART_DMARxHalfCplt), (8 bytes).
    Removing stm32f3xx_hal_uart_ex.o(.text), (0 bytes).
    Removing stm32f3xx_hal_uart_ex.o(.text.HAL_RS485Ex_Init), (128 bytes).
    Removing stm32f3xx_hal_uart_ex.o(.ARM.exidx.text.HAL_RS485Ex_Init), (8 bytes).
    Removing stm32f3xx_hal_uart_ex.o(.text.HAL_UARTEx_WakeupCallback), (2 bytes).
    Removing stm32f3xx_hal_uart_ex.o(.ARM.exidx.text.HAL_UARTEx_WakeupCallback), (8 bytes).
    Removing stm32f3xx_hal_uart_ex.o(.text.HAL_MultiProcessorEx_AddressLength_Set), (44 bytes).
    Removing stm32f3xx_hal_uart_ex.o(.ARM.exidx.text.HAL_MultiProcessorEx_AddressLength_Set), (8 bytes).
    Removing stm32f3xx_hal_uart_ex.o(.text.HAL_UARTEx_StopModeWakeUpSourceConfig), (138 bytes).
    Removing stm32f3xx_hal_uart_ex.o(.ARM.exidx.text.HAL_UARTEx_StopModeWakeUpSourceConfig), (8 bytes).
    Removing stm32f3xx_hal_uart_ex.o(.text.HAL_UARTEx_EnableStopMode), (104 bytes).
    Removing stm32f3xx_hal_uart_ex.o(.ARM.exidx.text.HAL_UARTEx_EnableStopMode), (8 bytes).
    Removing stm32f3xx_hal_uart_ex.o(.text.HAL_UARTEx_DisableStopMode), (104 bytes).
    Removing stm32f3xx_hal_uart_ex.o(.ARM.exidx.text.HAL_UARTEx_DisableStopMode), (8 bytes).
    Removing stm32f3xx_hal_uart_ex.o(.text.HAL_UARTEx_ReceiveToIdle), (424 bytes).
    Removing stm32f3xx_hal_uart_ex.o(.ARM.exidx.text.HAL_UARTEx_ReceiveToIdle), (8 bytes).
    Removing stm32f3xx_hal_uart_ex.o(.text.HAL_UARTEx_ReceiveToIdle_IT), (136 bytes).
    Removing stm32f3xx_hal_uart_ex.o(.ARM.exidx.text.HAL_UARTEx_ReceiveToIdle_IT), (8 bytes).
    Removing stm32f3xx_hal_uart_ex.o(.text.HAL_UARTEx_ReceiveToIdle_DMA), (152 bytes).
    Removing stm32f3xx_hal_uart_ex.o(.ARM.exidx.text.HAL_UARTEx_ReceiveToIdle_DMA), (8 bytes).
    Removing stm32f3xx_hal_uart_ex.o(.text.HAL_UARTEx_GetRxEventType), (4 bytes).
    Removing stm32f3xx_hal_uart_ex.o(.ARM.exidx.text.HAL_UARTEx_GetRxEventType), (8 bytes).
    Removing system_stm32f3xx.o(.text), (0 bytes).
    Removing system_stm32f3xx.o(.ARM.exidx.text.SystemInit), (8 bytes).
    Removing system_stm32f3xx.o(.text.SystemCoreClockUpdate), (104 bytes).
    Removing system_stm32f3xx.o(.ARM.exidx.text.SystemCoreClockUpdate), (8 bytes).
    Removing pid.o(.text), (0 bytes).
    Removing pid.o(.text.rad_format), (176 bytes).
    Removing pid.o(.ARM.exidx.text.rad_format), (8 bytes).
    Removing pid.o(.ARM.exidx.text.PID_init), (8 bytes).
    Removing pid.o(.ARM.exidx.text.PID_calc), (8 bytes).
    Removing pid.o(.text.PID_calc_angle), (304 bytes).
    Removing pid.o(.ARM.exidx.text.PID_calc_angle), (8 bytes).
    Removing pid.o(.text.PI_postion), (54 bytes).
    Removing pid.o(.ARM.exidx.text.PI_postion), (8 bytes).
    Removing can_receive.o(.text), (0 bytes).
    Removing can_receive.o(.text.CAN_Filter_Init), (52 bytes).
    Removing can_receive.o(.ARM.exidx.text.CAN_Filter_Init), (8 bytes).
    Removing can_receive.o(.ARM.exidx.text.CAN_Init), (8 bytes).
    Removing can_receive.o(.text.CAN_SendData_int16_t), (82 bytes).
    Removing can_receive.o(.ARM.exidx.text.CAN_SendData_int16_t), (8 bytes).
    Removing can_receive.o(.text.CAN_SendData_uint8_t), (52 bytes).
    Removing can_receive.o(.ARM.exidx.text.CAN_SendData_uint8_t), (8 bytes).
    Removing can_receive.o(.ARM.exidx.text.HAL_CAN_RxFifo0MsgPendingCallback), (8 bytes).
    Removing can_receive.o(.bss.CAN1_FilterConfig), (40 bytes).
    Removing can_receive.o(.bss.hcanTxFrame), (32 bytes).
    Removing system.o(.text), (0 bytes).
    Removing cap.o(.text), (0 bytes).
    Removing cap.o(.text.Constrain_float), (30 bytes).
    Removing cap.o(.ARM.exidx.text.Constrain_float), (8 bytes).
    Removing cap.o(.ARM.exidx.text.system_init), (8 bytes).
    Removing cap.o(.ARM.exidx.text.adc_solve), (8 bytes).
    Removing cap.o(.ARM.exidx.text.Power_Loop), (8 bytes).
    Removing cap.o(.text.voltage_circuitr_off), (166 bytes).
    Removing cap.o(.ARM.exidx.text.voltage_circuitr_off), (8 bytes).
    Removing cap.o(.ARM.exidx.text.mode_choose), (8 bytes).
    Removing cap.o(.text.power_limit), (34 bytes).
    Removing cap.o(.ARM.exidx.text.power_limit), (8 bytes).
    Removing cap.o(.text.can_send), (82 bytes).
    Removing cap.o(.ARM.exidx.text.can_send), (8 bytes).
    Removing cap.o(.ARM.exidx.text.CAN_supercap_rx_Data), (8 bytes).
    Removing cap.o(.bss.can_send_data), (8 bytes).
    Removing cap.o(.bss.ddd), (2 bytes).
    Removing cap.o(.bss.Samp_Dupy), (4 bytes).
    Removing state_led.o(.text), (0 bytes).
    Removing state_led.o(.ARM.exidx.text.led_error), (8 bytes).
    Removing function.o(.text), (0 bytes).
    Removing function.o(.ARM.exidx.text.MyPrintf), (8 bytes).
    Removing function.o(.text.msp), (132 bytes).
    Removing function.o(.ARM.exidx.text.msp), (8 bytes).
    Removing function.o(.ARM.exidx.text.LimitMax), (8 bytes).
    Removing function.o(.text.float_to_uint), (44 bytes).
    Removing function.o(.ARM.exidx.text.float_to_uint), (8 bytes).
    Removing function.o(.text.uint_to_float), (42 bytes).
    Removing function.o(.ARM.exidx.text.uint_to_float), (8 bytes).
    Removing function.o(.text.float_to_int16), (56 bytes).
    Removing function.o(.ARM.exidx.text.float_to_int16), (8 bytes).

1343 unused section(s) (total 90104 bytes) removed from the image.

==============================================================================

Image Symbol Table

    Local Symbols

    Symbol Name                              Value     Ov Type        Size  Object(Section)

    ../clib/../cmprslib/zerorunl.c           0x00000000   Number         0  __dczerorl.o ABSOLUTE
    ../clib/division.s                       0x00000000   Number         0  aeabi_sdiv.o ABSOLUTE
    ../clib/microlib/division.c              0x00000000   Number         0  uidiv.o ABSOLUTE
    ../clib/microlib/division.c              0x00000000   Number         0  uldiv.o ABSOLUTE
    ../clib/microlib/init/entry.s            0x00000000   Number         0  entry.o ABSOLUTE
    ../clib/microlib/init/entry.s            0x00000000   Number         0  entry2.o ABSOLUTE
    ../clib/microlib/init/entry.s            0x00000000   Number         0  entry5.o ABSOLUTE
    ../clib/microlib/init/entry.s            0x00000000   Number         0  entry7a.o ABSOLUTE
    ../clib/microlib/init/entry.s            0x00000000   Number         0  entry7b.o ABSOLUTE
    ../clib/microlib/init/entry.s            0x00000000   Number         0  entry8a.o ABSOLUTE
    ../clib/microlib/init/entry.s            0x00000000   Number         0  entry8b.o ABSOLUTE
    ../clib/microlib/init/entry.s            0x00000000   Number         0  entry9a.o ABSOLUTE
    ../clib/microlib/init/entry.s            0x00000000   Number         0  entry9b.o ABSOLUTE
    ../clib/microlib/init/entry.s            0x00000000   Number         0  entry10a.o ABSOLUTE
    ../clib/microlib/init/entry.s            0x00000000   Number         0  entry10b.o ABSOLUTE
    ../clib/microlib/init/entry.s            0x00000000   Number         0  entry11a.o ABSOLUTE
    ../clib/microlib/init/entry.s            0x00000000   Number         0  entry11b.o ABSOLUTE
    ../clib/microlib/longlong.c              0x00000000   Number         0  llshl.o ABSOLUTE
    ../clib/microlib/longlong.c              0x00000000   Number         0  llsshr.o ABSOLUTE
    ../clib/microlib/longlong.c              0x00000000   Number         0  llushr.o ABSOLUTE
    ../clib/microlib/printf/printf.c         0x00000000   Number         0  printfa.o ABSOLUTE
    ../clib/microlib/stdio/fputc.c           0x00000000   Number         0  fputc.o ABSOLUTE
    ../clib/microlib/stdio/fputc.c           0x00000000   Number         0  fputc_h.o ABSOLUTE
    ../clib/microlib/stdio/semi.s            0x00000000   Number         0  semi.o ABSOLUTE
    ../clib/microlib/stdio/streams.c         0x00000000   Number         0  stdout.o ABSOLUTE
    ../clib/microlib/string/memset.c         0x00000000   Number         0  memseta.o ABSOLUTE
    ../clib/microlib/string/strlen.c         0x00000000   Number         0  strlen.o ABSOLUTE
    ../clib/microlib/stubs.s                 0x00000000   Number         0  iusefp.o ABSOLUTE
    ../clib/microlib/stubs.s                 0x00000000   Number         0  iusesemip.o ABSOLUTE
    ../fplib/microlib/f2d.c                  0x00000000   Number         0  f2d.o ABSOLUTE
    ../fplib/microlib/fpadd.c                0x00000000   Number         0  dadd.o ABSOLUTE
    ../fplib/microlib/fpdiv.c                0x00000000   Number         0  ddiv.o ABSOLUTE
    ../fplib/microlib/fpepilogue.c           0x00000000   Number         0  depilogue.o ABSOLUTE
    ../fplib/microlib/fpfix.c                0x00000000   Number         0  dfixul.o ABSOLUTE
    ../fplib/microlib/fpmul.c                0x00000000   Number         0  dmul.o ABSOLUTE
    adc.c                                    0x00000000   Number         0  adc.o ABSOLUTE
    can.c                                    0x00000000   Number         0  can.o ABSOLUTE
    can_receive.c                            0x00000000   Number         0  can_receive.o ABSOLUTE
    cap.c                                    0x00000000   Number         0  cap.o ABSOLUTE
    cdrcmple.s                               0x00000000   Number         0  cdrcmple.o ABSOLUTE
    dc.s                                     0x00000000   Number         0  dc.o ABSOLUTE
    dma.c                                    0x00000000   Number         0  dma.o ABSOLUTE
    function.c                               0x00000000   Number         0  function.o ABSOLUTE
    gpio.c                                   0x00000000   Number         0  gpio.o ABSOLUTE
    handlers.s                               0x00000000   Number         0  handlers.o ABSOLUTE
    hrtim.c                                  0x00000000   Number         0  hrtim.o ABSOLUTE
    init.s                                   0x00000000   Number         0  init.o ABSOLUTE
    main.c                                   0x00000000   Number         0  main.o ABSOLUTE
    pid.c                                    0x00000000   Number         0  pid.o ABSOLUTE
    startup_stm32f334x8.s                    0x00000000   Number         0  startup_stm32f334x8.o ABSOLUTE
    state_led.c                              0x00000000   Number         0  state_led.o ABSOLUTE
    stm32f3xx_hal.c                          0x00000000   Number         0  stm32f3xx_hal.o ABSOLUTE
    stm32f3xx_hal_adc.c                      0x00000000   Number         0  stm32f3xx_hal_adc.o ABSOLUTE
    stm32f3xx_hal_adc_ex.c                   0x00000000   Number         0  stm32f3xx_hal_adc_ex.o ABSOLUTE
    stm32f3xx_hal_can.c                      0x00000000   Number         0  stm32f3xx_hal_can.o ABSOLUTE
    stm32f3xx_hal_cortex.c                   0x00000000   Number         0  stm32f3xx_hal_cortex.o ABSOLUTE
    stm32f3xx_hal_dma.c                      0x00000000   Number         0  stm32f3xx_hal_dma.o ABSOLUTE
    stm32f3xx_hal_exti.c                     0x00000000   Number         0  stm32f3xx_hal_exti.o ABSOLUTE
    stm32f3xx_hal_flash.c                    0x00000000   Number         0  stm32f3xx_hal_flash.o ABSOLUTE
    stm32f3xx_hal_flash_ex.c                 0x00000000   Number         0  stm32f3xx_hal_flash_ex.o ABSOLUTE
    stm32f3xx_hal_gpio.c                     0x00000000   Number         0  stm32f3xx_hal_gpio.o ABSOLUTE
    stm32f3xx_hal_hrtim.c                    0x00000000   Number         0  stm32f3xx_hal_hrtim.o ABSOLUTE
    stm32f3xx_hal_i2c.c                      0x00000000   Number         0  stm32f3xx_hal_i2c.o ABSOLUTE
    stm32f3xx_hal_i2c_ex.c                   0x00000000   Number         0  stm32f3xx_hal_i2c_ex.o ABSOLUTE
    stm32f3xx_hal_msp.c                      0x00000000   Number         0  stm32f3xx_hal_msp.o ABSOLUTE
    stm32f3xx_hal_pwr.c                      0x00000000   Number         0  stm32f3xx_hal_pwr.o ABSOLUTE
    stm32f3xx_hal_pwr_ex.c                   0x00000000   Number         0  stm32f3xx_hal_pwr_ex.o ABSOLUTE
    stm32f3xx_hal_rcc.c                      0x00000000   Number         0  stm32f3xx_hal_rcc.o ABSOLUTE
    stm32f3xx_hal_rcc_ex.c                   0x00000000   Number         0  stm32f3xx_hal_rcc_ex.o ABSOLUTE
    stm32f3xx_hal_tim.c                      0x00000000   Number         0  stm32f3xx_hal_tim.o ABSOLUTE
    stm32f3xx_hal_tim_ex.c                   0x00000000   Number         0  stm32f3xx_hal_tim_ex.o ABSOLUTE
    stm32f3xx_hal_uart.c                     0x00000000   Number         0  stm32f3xx_hal_uart.o ABSOLUTE
    stm32f3xx_hal_uart_ex.c                  0x00000000   Number         0  stm32f3xx_hal_uart_ex.o ABSOLUTE
    stm32f3xx_it.c                           0x00000000   Number         0  stm32f3xx_it.o ABSOLUTE
    system.c                                 0x00000000   Number         0  system.o ABSOLUTE
    system_stm32f3xx.c                       0x00000000   Number         0  system_stm32f3xx.o ABSOLUTE
    tim.c                                    0x00000000   Number         0  tim.o ABSOLUTE
    usart.c                                  0x00000000   Number         0  usart.o ABSOLUTE
    RESET                                    0x08000000   Section      392  startup_stm32f334x8.o(RESET)
    .ARM.Collect$$$$00000000                 0x08000188   Section        0  entry.o(.ARM.Collect$$$$00000000)
    .ARM.Collect$$$$00000001                 0x08000188   Section        4  entry2.o(.ARM.Collect$$$$00000001)
    .ARM.Collect$$$$00000004                 0x0800018c   Section        4  entry5.o(.ARM.Collect$$$$00000004)
    .ARM.Collect$$$$00000008                 0x08000190   Section        0  entry7b.o(.ARM.Collect$$$$00000008)
    .ARM.Collect$$$$0000000A                 0x08000190   Section        0  entry8b.o(.ARM.Collect$$$$0000000A)
    .ARM.Collect$$$$0000000B                 0x08000190   Section        8  entry9a.o(.ARM.Collect$$$$0000000B)
    __lit__00000000                          0x08000198   Data           4  entry2.o(.ARM.Collect$$$$00002712)
    .ARM.Collect$$$$0000000D                 0x08000198   Section        0  entry10a.o(.ARM.Collect$$$$0000000D)
    .ARM.Collect$$$$0000000F                 0x08000198   Section        0  entry11a.o(.ARM.Collect$$$$0000000F)
    .ARM.Collect$$$$00002712                 0x08000198   Section        4  entry2.o(.ARM.Collect$$$$00002712)
    $v0                                      0x0800019c   Number         0  startup_stm32f334x8.o(.text)
    .text                                    0x0800019c   Section       36  startup_stm32f334x8.o(.text)
    .text                                    0x080001c0   Section        0  memseta.o(.text)
    .text                                    0x080001e4   Section        0  strlen.o(.text)
    .text                                    0x080001f2   Section        0  dadd.o(.text)
    .text                                    0x08000340   Section        0  dmul.o(.text)
    .text                                    0x08000424   Section        0  ddiv.o(.text)
    .text                                    0x08000502   Section        0  f2d.o(.text)
    .text                                    0x08000528   Section        0  uidiv.o(.text)
    .text                                    0x08000554   Section        0  uldiv.o(.text)
    .text                                    0x080005b6   Section        0  llshl.o(.text)
    .text                                    0x080005d4   Section        0  llsshr.o(.text)
    .text                                    0x080005f8   Section        0  iusefp.o(.text)
    .text                                    0x080005f8   Section        0  depilogue.o(.text)
    .text                                    0x080006b2   Section        0  dfixul.o(.text)
    .text                                    0x080006e4   Section       48  cdrcmple.o(.text)
    .text                                    0x08000714   Section       48  init.o(.text)
    .text                                    0x08000744   Section        0  llushr.o(.text)
    .text                                    0x08000764   Section        0  __dczerorl.o(.text)
    ADC_DMAConvCplt                          0x080007a1   Thumb Code    80  stm32f3xx_hal_adc_ex.o(.text.ADC_DMAConvCplt)
    [Anonymous Symbol]                       0x080007a0   Section        0  stm32f3xx_hal_adc_ex.o(.text.ADC_DMAConvCplt)
    ADC_DMAError                             0x080007f1   Thumb Code    22  stm32f3xx_hal_adc_ex.o(.text.ADC_DMAError)
    [Anonymous Symbol]                       0x080007f0   Section        0  stm32f3xx_hal_adc_ex.o(.text.ADC_DMAError)
    ADC_DMAHalfConvCplt                      0x08000809   Thumb Code     6  stm32f3xx_hal_adc_ex.o(.text.ADC_DMAHalfConvCplt)
    [Anonymous Symbol]                       0x08000808   Section        0  stm32f3xx_hal_adc_ex.o(.text.ADC_DMAHalfConvCplt)
    [Anonymous Symbol]                       0x08000810   Section        0  stm32f3xx_it.o(.text.BusFault_Handler)
    [Anonymous Symbol]                       0x08000814   Section        0  can_receive.o(.text.CAN_Init)
    [Anonymous Symbol]                       0x08000854   Section        0  stm32f3xx_it.o(.text.CAN_RX0_IRQHandler)
    [Anonymous Symbol]                       0x08000860   Section        0  cap.o(.text.CAN_supercap_rx_Data)
    [Anonymous Symbol]                       0x0800089c   Section        0  stm32f3xx_it.o(.text.DMA1_Channel1_IRQHandler)
    [Anonymous Symbol]                       0x080008a8   Section        0  stm32f3xx_it.o(.text.DMA1_Channel2_IRQHandler)
    [Anonymous Symbol]                       0x080008b4   Section        0  stm32f3xx_it.o(.text.DebugMon_Handler)
    [Anonymous Symbol]                       0x080008b8   Section        0  main.o(.text.Error_Handler)
    [Anonymous Symbol]                       0x080008c4   Section        0  stm32f3xx_hal_adc_ex.o(.text.HAL_ADCEx_Calibration_Start)
    [Anonymous Symbol]                       0x080009c4   Section        0  stm32f3xx_hal_adc_ex.o(.text.HAL_ADCEx_MultiModeConfigChannel)
    [Anonymous Symbol]                       0x08000ab4   Section        0  stm32f3xx_hal_adc_ex.o(.text.HAL_ADC_ConfigChannel)
    [Anonymous Symbol]                       0x08000e64   Section        0  stm32f3xx_hal_adc.o(.text.HAL_ADC_ConvCpltCallback)
    [Anonymous Symbol]                       0x08000e68   Section        0  stm32f3xx_hal_adc.o(.text.HAL_ADC_ConvHalfCpltCallback)
    [Anonymous Symbol]                       0x08000e6c   Section        0  stm32f3xx_hal_adc.o(.text.HAL_ADC_ErrorCallback)
    [Anonymous Symbol]                       0x08000e70   Section        0  stm32f3xx_hal_adc_ex.o(.text.HAL_ADC_Init)
    [Anonymous Symbol]                       0x0800111c   Section        0  adc.o(.text.HAL_ADC_MspInit)
    [Anonymous Symbol]                       0x080012bc   Section        0  stm32f3xx_hal_adc_ex.o(.text.HAL_ADC_Start_DMA)
    [Anonymous Symbol]                       0x08001428   Section        0  stm32f3xx_hal_can.o(.text.HAL_CAN_ActivateNotification)
    [Anonymous Symbol]                       0x08001458   Section        0  stm32f3xx_hal_can.o(.text.HAL_CAN_ConfigFilter)
    [Anonymous Symbol]                       0x08001544   Section        0  stm32f3xx_hal_can.o(.text.HAL_CAN_ErrorCallback)
    [Anonymous Symbol]                       0x08001548   Section        0  stm32f3xx_hal_can.o(.text.HAL_CAN_GetRxMessage)
    [Anonymous Symbol]                       0x08001674   Section        0  stm32f3xx_hal_can.o(.text.HAL_CAN_IRQHandler)
    [Anonymous Symbol]                       0x080018d4   Section        0  stm32f3xx_hal_can.o(.text.HAL_CAN_Init)
    [Anonymous Symbol]                       0x080019c8   Section        0  can.o(.text.HAL_CAN_MspInit)
    [Anonymous Symbol]                       0x08001a40   Section        0  stm32f3xx_hal_can.o(.text.HAL_CAN_RxFifo0FullCallback)
    [Anonymous Symbol]                       0x08001a44   Section        0  can_receive.o(.text.HAL_CAN_RxFifo0MsgPendingCallback)
    [Anonymous Symbol]                       0x08001a78   Section        0  stm32f3xx_hal_can.o(.text.HAL_CAN_RxFifo1FullCallback)
    [Anonymous Symbol]                       0x08001a7c   Section        0  stm32f3xx_hal_can.o(.text.HAL_CAN_RxFifo1MsgPendingCallback)
    [Anonymous Symbol]                       0x08001a80   Section        0  stm32f3xx_hal_can.o(.text.HAL_CAN_SleepCallback)
    [Anonymous Symbol]                       0x08001a84   Section        0  stm32f3xx_hal_can.o(.text.HAL_CAN_Start)
    [Anonymous Symbol]                       0x08001ae0   Section        0  stm32f3xx_hal_can.o(.text.HAL_CAN_TxMailbox0AbortCallback)
    [Anonymous Symbol]                       0x08001ae4   Section        0  stm32f3xx_hal_can.o(.text.HAL_CAN_TxMailbox0CompleteCallback)
    [Anonymous Symbol]                       0x08001ae8   Section        0  stm32f3xx_hal_can.o(.text.HAL_CAN_TxMailbox1AbortCallback)
    [Anonymous Symbol]                       0x08001aec   Section        0  stm32f3xx_hal_can.o(.text.HAL_CAN_TxMailbox1CompleteCallback)
    [Anonymous Symbol]                       0x08001af0   Section        0  stm32f3xx_hal_can.o(.text.HAL_CAN_TxMailbox2AbortCallback)
    [Anonymous Symbol]                       0x08001af4   Section        0  stm32f3xx_hal_can.o(.text.HAL_CAN_TxMailbox2CompleteCallback)
    [Anonymous Symbol]                       0x08001af8   Section        0  stm32f3xx_hal_can.o(.text.HAL_CAN_WakeUpFromRxMsgCallback)
    [Anonymous Symbol]                       0x08001afc   Section        0  stm32f3xx_hal_dma.o(.text.HAL_DMA_IRQHandler)
    [Anonymous Symbol]                       0x08001ba0   Section        0  stm32f3xx_hal_dma.o(.text.HAL_DMA_Init)
    [Anonymous Symbol]                       0x08001c18   Section        0  stm32f3xx_hal_dma.o(.text.HAL_DMA_Start_IT)
    [Anonymous Symbol]                       0x08001cb8   Section        0  stm32f3xx_hal_gpio.o(.text.HAL_GPIO_Init)
    [Anonymous Symbol]                       0x08001e74   Section        0  stm32f3xx_hal_gpio.o(.text.HAL_GPIO_TogglePin)
    [Anonymous Symbol]                       0x08001e84   Section        0  stm32f3xx_hal_gpio.o(.text.HAL_GPIO_WritePin)
    [Anonymous Symbol]                       0x08001e90   Section        0  stm32f3xx_hal.o(.text.HAL_GetTick)
    [Anonymous Symbol]                       0x08001e9c   Section        0  stm32f3xx_hal_hrtim.o(.text.HAL_HRTIM_DLLCalibrationStart)
    [Anonymous Symbol]                       0x08001ef0   Section        0  stm32f3xx_hal_hrtim.o(.text.HAL_HRTIM_DeadTimeConfig)
    [Anonymous Symbol]                       0x08001f88   Section        0  stm32f3xx_hal_hrtim.o(.text.HAL_HRTIM_Init)
    [Anonymous Symbol]                       0x08002068   Section        0  hrtim.o(.text.HAL_HRTIM_MspInit)
    [Anonymous Symbol]                       0x08002098   Section        0  stm32f3xx_hal_hrtim.o(.text.HAL_HRTIM_PollForDLLCalibration)
    [Anonymous Symbol]                       0x0800210c   Section        0  stm32f3xx_hal_hrtim.o(.text.HAL_HRTIM_TimeBaseConfig)
    [Anonymous Symbol]                       0x08002180   Section        0  stm32f3xx_hal_hrtim.o(.text.HAL_HRTIM_WaveformCompareConfig)
    [Anonymous Symbol]                       0x08002324   Section        0  stm32f3xx_hal_hrtim.o(.text.HAL_HRTIM_WaveformCountStart)
    [Anonymous Symbol]                       0x0800234c   Section        0  stm32f3xx_hal_hrtim.o(.text.HAL_HRTIM_WaveformOutputConfig)
    [Anonymous Symbol]                       0x08002388   Section        0  stm32f3xx_hal_hrtim.o(.text.HAL_HRTIM_WaveformOutputStart)
    [Anonymous Symbol]                       0x080023b4   Section        0  stm32f3xx_hal_hrtim.o(.text.HAL_HRTIM_WaveformOutputStop)
    [Anonymous Symbol]                       0x080023e0   Section        0  stm32f3xx_hal_hrtim.o(.text.HAL_HRTIM_WaveformTimerConfig)
    [Anonymous Symbol]                       0x08002628   Section        0  stm32f3xx_hal.o(.text.HAL_IncTick)
    [Anonymous Symbol]                       0x08002644   Section        0  stm32f3xx_hal.o(.text.HAL_Init)
    [Anonymous Symbol]                       0x0800266c   Section        0  stm32f3xx_hal.o(.text.HAL_InitTick)
    [Anonymous Symbol]                       0x080026b4   Section        0  stm32f3xx_hal_msp.o(.text.HAL_MspInit)
    [Anonymous Symbol]                       0x080026e8   Section        0  stm32f3xx_hal_cortex.o(.text.HAL_NVIC_EnableIRQ)
    [Anonymous Symbol]                       0x0800270c   Section        0  stm32f3xx_hal_cortex.o(.text.HAL_NVIC_SetPriority)
    [Anonymous Symbol]                       0x08002764   Section        0  stm32f3xx_hal_cortex.o(.text.HAL_NVIC_SetPriorityGrouping)
    [Anonymous Symbol]                       0x08002784   Section        0  stm32f3xx_hal_rcc_ex.o(.text.HAL_RCCEx_PeriphCLKConfig)
    [Anonymous Symbol]                       0x080028dc   Section        0  stm32f3xx_hal_rcc.o(.text.HAL_RCC_ClockConfig)
    [Anonymous Symbol]                       0x08002a80   Section        0  stm32f3xx_hal_rcc.o(.text.HAL_RCC_GetPCLK1Freq)
    [Anonymous Symbol]                       0x08002aa8   Section        0  stm32f3xx_hal_rcc.o(.text.HAL_RCC_GetSysClockFreq)
    [Anonymous Symbol]                       0x08002b00   Section        0  stm32f3xx_hal_rcc.o(.text.HAL_RCC_OscConfig)
    [Anonymous Symbol]                       0x08002ea8   Section        0  stm32f3xx_hal_cortex.o(.text.HAL_SYSTICK_Config)
    [Anonymous Symbol]                       0x08002ed4   Section        0  stm32f3xx_hal_tim_ex.o(.text.HAL_TIMEx_Break2Callback)
    [Anonymous Symbol]                       0x08002ed8   Section        0  stm32f3xx_hal_tim_ex.o(.text.HAL_TIMEx_BreakCallback)
    [Anonymous Symbol]                       0x08002edc   Section        0  stm32f3xx_hal_tim_ex.o(.text.HAL_TIMEx_CommutCallback)
    [Anonymous Symbol]                       0x08002ee0   Section        0  stm32f3xx_hal_tim_ex.o(.text.HAL_TIMEx_MasterConfigSynchronization)
    [Anonymous Symbol]                       0x08002f68   Section        0  stm32f3xx_hal_tim.o(.text.HAL_TIM_Base_Init)
    [Anonymous Symbol]                       0x08003090   Section        0  tim.o(.text.HAL_TIM_Base_MspInit)
    [Anonymous Symbol]                       0x080030d0   Section        0  stm32f3xx_hal_tim.o(.text.HAL_TIM_Base_Start_IT)
    [Anonymous Symbol]                       0x0800314c   Section        0  stm32f3xx_hal_tim.o(.text.HAL_TIM_ConfigClockSource)
    [Anonymous Symbol]                       0x080032ec   Section        0  stm32f3xx_hal_tim.o(.text.HAL_TIM_IC_CaptureCallback)
    [Anonymous Symbol]                       0x080032f0   Section        0  stm32f3xx_hal_tim.o(.text.HAL_TIM_IRQHandler)
    [Anonymous Symbol]                       0x0800345c   Section        0  stm32f3xx_hal_tim.o(.text.HAL_TIM_OC_DelayElapsedCallback)
    [Anonymous Symbol]                       0x08003460   Section        0  stm32f3xx_hal_tim.o(.text.HAL_TIM_PWM_PulseFinishedCallback)
    [Anonymous Symbol]                       0x08003464   Section        0  main.o(.text.HAL_TIM_PeriodElapsedCallback)
    [Anonymous Symbol]                       0x08003580   Section        0  stm32f3xx_hal_tim.o(.text.HAL_TIM_TriggerCallback)
    [Anonymous Symbol]                       0x08003584   Section        0  stm32f3xx_hal_uart.o(.text.HAL_UART_Init)
    [Anonymous Symbol]                       0x080035e4   Section        0  usart.o(.text.HAL_UART_MspInit)
    [Anonymous Symbol]                       0x08003650   Section        0  stm32f3xx_hal_uart.o(.text.HAL_UART_Transmit)
    HRTIM_OutputConfig                       0x080037e1   Thumb Code   230  stm32f3xx_hal_hrtim.o(.text.HRTIM_OutputConfig)
    [Anonymous Symbol]                       0x080037e0   Section        0  stm32f3xx_hal_hrtim.o(.text.HRTIM_OutputConfig)
    [Anonymous Symbol]                       0x080038c8   Section        0  stm32f3xx_it.o(.text.HardFault_Handler)
    [Anonymous Symbol]                       0x080038cc   Section        0  function.o(.text.LimitMax)
    [Anonymous Symbol]                       0x080038f4   Section        0  adc.o(.text.MX_ADC1_Init)
    [Anonymous Symbol]                       0x080039d0   Section        0  adc.o(.text.MX_ADC2_Init)
    [Anonymous Symbol]                       0x08003a80   Section        0  can.o(.text.MX_CAN_Init)
    [Anonymous Symbol]                       0x08003ac0   Section        0  dma.o(.text.MX_DMA_Init)
    [Anonymous Symbol]                       0x08003b04   Section        0  gpio.o(.text.MX_GPIO_Init)
    [Anonymous Symbol]                       0x08003b8c   Section        0  hrtim.o(.text.MX_HRTIM1_Init)
    [Anonymous Symbol]                       0x08003eb8   Section        0  tim.o(.text.MX_TIM2_Init)
    [Anonymous Symbol]                       0x08003f2c   Section        0  usart.o(.text.MX_USART2_UART_Init)
    [Anonymous Symbol]                       0x08003f6c   Section        0  stm32f3xx_it.o(.text.MemManage_Handler)
    [Anonymous Symbol]                       0x08003f70   Section        0  function.o(.text.MyPrintf)
    [Anonymous Symbol]                       0x08003fbc   Section        0  stm32f3xx_it.o(.text.NMI_Handler)
    [Anonymous Symbol]                       0x08003fc0   Section        0  pid.o(.text.PID_calc)
    [Anonymous Symbol]                       0x08004054   Section        0  pid.o(.text.PID_init)
    [Anonymous Symbol]                       0x08004084   Section        0  stm32f3xx_it.o(.text.PendSV_Handler)
    [Anonymous Symbol]                       0x08004088   Section        0  cap.o(.text.Power_Loop)
    [Anonymous Symbol]                       0x08004214   Section        0  stm32f3xx_it.o(.text.SVC_Handler)
    [Anonymous Symbol]                       0x08004218   Section        0  stm32f3xx_it.o(.text.SysTick_Handler)
    [Anonymous Symbol]                       0x0800421c   Section        0  system_stm32f3xx.o(.text.SystemInit)
    [Anonymous Symbol]                       0x08004230   Section        0  stm32f3xx_it.o(.text.TIM2_IRQHandler)
    [Anonymous Symbol]                       0x0800423c   Section        0  stm32f3xx_hal_uart.o(.text.UART_AdvFeatureConfig)
    [Anonymous Symbol]                       0x08004328   Section        0  stm32f3xx_hal_uart.o(.text.UART_CheckIdleState)
    [Anonymous Symbol]                       0x08004490   Section        0  stm32f3xx_hal_uart.o(.text.UART_SetConfig)
    [Anonymous Symbol]                       0x080045ec   Section        0  stm32f3xx_hal_uart.o(.text.UART_WaitOnFlagUntilTimeout)
    [Anonymous Symbol]                       0x0800492c   Section        0  stm32f3xx_it.o(.text.UsageFault_Handler)
    [Anonymous Symbol]                       0x08004930   Section        0  cap.o(.text.adc_solve)
    [Anonymous Symbol]                       0x08004b94   Section        0  state_led.o(.text.led_error)
    [Anonymous Symbol]                       0x08004bd0   Section        0  main.o(.text.main)
    [Anonymous Symbol]                       0x08004d10   Section        0  cap.o(.text.mode_choose)
    [Anonymous Symbol]                       0x08004d60   Section        0  cap.o(.text.system_init)
    i.__0vsnprintf                           0x08004e7c   Section        0  printfa.o(i.__0vsnprintf)
    i.__scatterload_copy                     0x08004eb0   Section       14  handlers.o(i.__scatterload_copy)
    i.__scatterload_null                     0x08004ebe   Section        2  handlers.o(i.__scatterload_null)
    i.__scatterload_zeroinit                 0x08004ec0   Section       14  handlers.o(i.__scatterload_zeroinit)
    _fp_digits                               0x08004ed1   Thumb Code   366  printfa.o(i._fp_digits)
    i._fp_digits                             0x08004ed0   Section        0  printfa.o(i._fp_digits)
    _printf_core                             0x08005055   Thumb Code  1744  printfa.o(i._printf_core)
    i._printf_core                           0x08005054   Section        0  printfa.o(i._printf_core)
    _printf_post_padding                     0x08005731   Thumb Code    36  printfa.o(i._printf_post_padding)
    i._printf_post_padding                   0x08005730   Section        0  printfa.o(i._printf_post_padding)
    _printf_pre_padding                      0x08005755   Thumb Code    46  printfa.o(i._printf_pre_padding)
    i._printf_pre_padding                    0x08005754   Section        0  printfa.o(i._printf_pre_padding)
    _snputc                                  0x08005783   Thumb Code    22  printfa.o(i._snputc)
    i._snputc                                0x08005782   Section        0  printfa.o(i._snputc)
    aPLLMULFactorTable                       0x080057b0   Data          16  stm32f3xx_hal_rcc.o(.rodata.cst16)
    [Anonymous Symbol]                       0x080057b0   Section        0  stm32f3xx_hal_rcc.o(.rodata.cst16)
    aPredivFactorTable                       0x080057c0   Data          16  stm32f3xx_hal_rcc.o(.rodata.cst16)
    .L_MergedGlobals                         0x20000000   Data           8  stm32f3xx_hal.o(.data..L_MergedGlobals)
    [Anonymous Symbol]                       0x20000000   Section        0  stm32f3xx_hal.o(.data..L_MergedGlobals)
    .L_MergedGlobals                         0x20000008   Data         100  cap.o(.data..L_MergedGlobals)
    [Anonymous Symbol]                       0x20000008   Section        0  cap.o(.data..L_MergedGlobals)
    .L_MergedGlobals                         0x20000158   Data          12  main.o(.bss..L_MergedGlobals)
    [Anonymous Symbol]                       0x20000158   Section        0  main.o(.bss..L_MergedGlobals)
    .L_MergedGlobals                         0x20000164   Data          72  adc.o(.bss..L_MergedGlobals)
    HAL_RCC_ADC12_CLK_ENABLED                0x20000164   Data           4  adc.o(.bss..L_MergedGlobals)
    [Anonymous Symbol]                       0x20000164   Section        0  adc.o(.bss..L_MergedGlobals)
    .L_MergedGlobals.1                       0x200001ac   Data         116  cap.o(.bss..L_MergedGlobals.1)
    [Anonymous Symbol]                       0x200001ac   Section        0  cap.o(.bss..L_MergedGlobals.1)
    STACK                                    0x20000648   Section     1024  startup_stm32f334x8.o(STACK)

    Global Symbols

    Symbol Name                              Value     Ov Type        Size  Object(Section)

    BuildAttributes$$THM_ISAv4$E$P$D$K$B$S$7EM$VFPi3$EXTD16$VFPS$VFMA$PE$A:L22UL41UL21$X:L11$S22US41US21$IEEE1$IW$~IW$USESV6$~STKCKD$USESV7$~SHL$OTIME$ROPI$EBA8$MICROLIB$REQ8$PRES8$EABIv2 0x00000000   Number         0  anon$$obj.o ABSOLUTE
    __cpp_initialize__aeabi_                  - Undefined Weak Reference
    __cxa_finalize                            - Undefined Weak Reference
    _clock_init                               - Undefined Weak Reference
    _microlib_exit                            - Undefined Weak Reference
    __Vectors_Size                           0x00000188   Number         0  startup_stm32f334x8.o ABSOLUTE
    __Vectors                                0x08000000   Data           4  startup_stm32f334x8.o(RESET)
    __Vectors_End                            0x08000188   Data           0  startup_stm32f334x8.o(RESET)
    __main                                   0x08000189   Thumb Code     0  entry.o(.ARM.Collect$$$$00000000)
    _main_stk                                0x08000189   Thumb Code     0  entry2.o(.ARM.Collect$$$$00000001)
    _main_scatterload                        0x0800018d   Thumb Code     0  entry5.o(.ARM.Collect$$$$00000004)
    __main_after_scatterload                 0x08000191   Thumb Code     0  entry5.o(.ARM.Collect$$$$00000004)
    _main_clock                              0x08000191   Thumb Code     0  entry7b.o(.ARM.Collect$$$$00000008)
    _main_cpp_init                           0x08000191   Thumb Code     0  entry8b.o(.ARM.Collect$$$$0000000A)
    _main_init                               0x08000191   Thumb Code     0  entry9a.o(.ARM.Collect$$$$0000000B)
    __rt_final_cpp                           0x08000199   Thumb Code     0  entry10a.o(.ARM.Collect$$$$0000000D)
    __rt_final_exit                          0x08000199   Thumb Code     0  entry11a.o(.ARM.Collect$$$$0000000F)
    Reset_Handler                            0x0800019d   Thumb Code     8  startup_stm32f334x8.o(.text)
    ADC1_2_IRQHandler                        0x080001b7   Thumb Code     0  startup_stm32f334x8.o(.text)
    CAN_RX1_IRQHandler                       0x080001b7   Thumb Code     0  startup_stm32f334x8.o(.text)
    CAN_SCE_IRQHandler                       0x080001b7   Thumb Code     0  startup_stm32f334x8.o(.text)
    CAN_TX_IRQHandler                        0x080001b7   Thumb Code     0  startup_stm32f334x8.o(.text)
    COMP2_IRQHandler                         0x080001b7   Thumb Code     0  startup_stm32f334x8.o(.text)
    COMP4_6_IRQHandler                       0x080001b7   Thumb Code     0  startup_stm32f334x8.o(.text)
    DMA1_Channel3_IRQHandler                 0x080001b7   Thumb Code     0  startup_stm32f334x8.o(.text)
    DMA1_Channel4_IRQHandler                 0x080001b7   Thumb Code     0  startup_stm32f334x8.o(.text)
    DMA1_Channel5_IRQHandler                 0x080001b7   Thumb Code     0  startup_stm32f334x8.o(.text)
    DMA1_Channel6_IRQHandler                 0x080001b7   Thumb Code     0  startup_stm32f334x8.o(.text)
    DMA1_Channel7_IRQHandler                 0x080001b7   Thumb Code     0  startup_stm32f334x8.o(.text)
    EXTI0_IRQHandler                         0x080001b7   Thumb Code     0  startup_stm32f334x8.o(.text)
    EXTI15_10_IRQHandler                     0x080001b7   Thumb Code     0  startup_stm32f334x8.o(.text)
    EXTI1_IRQHandler                         0x080001b7   Thumb Code     0  startup_stm32f334x8.o(.text)
    EXTI2_TSC_IRQHandler                     0x080001b7   Thumb Code     0  startup_stm32f334x8.o(.text)
    EXTI3_IRQHandler                         0x080001b7   Thumb Code     0  startup_stm32f334x8.o(.text)
    EXTI4_IRQHandler                         0x080001b7   Thumb Code     0  startup_stm32f334x8.o(.text)
    EXTI9_5_IRQHandler                       0x080001b7   Thumb Code     0  startup_stm32f334x8.o(.text)
    FLASH_IRQHandler                         0x080001b7   Thumb Code     0  startup_stm32f334x8.o(.text)
    FPU_IRQHandler                           0x080001b7   Thumb Code     0  startup_stm32f334x8.o(.text)
    HRTIM1_FLT_IRQHandler                    0x080001b7   Thumb Code     0  startup_stm32f334x8.o(.text)
    HRTIM1_Master_IRQHandler                 0x080001b7   Thumb Code     0  startup_stm32f334x8.o(.text)
    HRTIM1_TIMA_IRQHandler                   0x080001b7   Thumb Code     0  startup_stm32f334x8.o(.text)
    HRTIM1_TIMB_IRQHandler                   0x080001b7   Thumb Code     0  startup_stm32f334x8.o(.text)
    HRTIM1_TIMC_IRQHandler                   0x080001b7   Thumb Code     0  startup_stm32f334x8.o(.text)
    HRTIM1_TIMD_IRQHandler                   0x080001b7   Thumb Code     0  startup_stm32f334x8.o(.text)
    HRTIM1_TIME_IRQHandler                   0x080001b7   Thumb Code     0  startup_stm32f334x8.o(.text)
    I2C1_ER_IRQHandler                       0x080001b7   Thumb Code     0  startup_stm32f334x8.o(.text)
    I2C1_EV_IRQHandler                       0x080001b7   Thumb Code     0  startup_stm32f334x8.o(.text)
    PVD_IRQHandler                           0x080001b7   Thumb Code     0  startup_stm32f334x8.o(.text)
    RCC_IRQHandler                           0x080001b7   Thumb Code     0  startup_stm32f334x8.o(.text)
    RTC_Alarm_IRQHandler                     0x080001b7   Thumb Code     0  startup_stm32f334x8.o(.text)
    RTC_WKUP_IRQHandler                      0x080001b7   Thumb Code     0  startup_stm32f334x8.o(.text)
    SPI1_IRQHandler                          0x080001b7   Thumb Code     0  startup_stm32f334x8.o(.text)
    TAMP_STAMP_IRQHandler                    0x080001b7   Thumb Code     0  startup_stm32f334x8.o(.text)
    TIM1_BRK_TIM15_IRQHandler                0x080001b7   Thumb Code     0  startup_stm32f334x8.o(.text)
    TIM1_CC_IRQHandler                       0x080001b7   Thumb Code     0  startup_stm32f334x8.o(.text)
    TIM1_TRG_COM_TIM17_IRQHandler            0x080001b7   Thumb Code     0  startup_stm32f334x8.o(.text)
    TIM1_UP_TIM16_IRQHandler                 0x080001b7   Thumb Code     0  startup_stm32f334x8.o(.text)
    TIM3_IRQHandler                          0x080001b7   Thumb Code     0  startup_stm32f334x8.o(.text)
    TIM6_DAC1_IRQHandler                     0x080001b7   Thumb Code     0  startup_stm32f334x8.o(.text)
    TIM7_DAC2_IRQHandler                     0x080001b7   Thumb Code     0  startup_stm32f334x8.o(.text)
    USART1_IRQHandler                        0x080001b7   Thumb Code     0  startup_stm32f334x8.o(.text)
    USART2_IRQHandler                        0x080001b7   Thumb Code     0  startup_stm32f334x8.o(.text)
    USART3_IRQHandler                        0x080001b7   Thumb Code     0  startup_stm32f334x8.o(.text)
    WWDG_IRQHandler                          0x080001b7   Thumb Code     0  startup_stm32f334x8.o(.text)
    __aeabi_memset                           0x080001c1   Thumb Code    14  memseta.o(.text)
    __aeabi_memset4                          0x080001c1   Thumb Code     0  memseta.o(.text)
    __aeabi_memset8                          0x080001c1   Thumb Code     0  memseta.o(.text)
    __aeabi_memclr                           0x080001cf   Thumb Code     4  memseta.o(.text)
    __aeabi_memclr4                          0x080001cf   Thumb Code     0  memseta.o(.text)
    __aeabi_memclr8                          0x080001cf   Thumb Code     0  memseta.o(.text)
    _memset$wrapper                          0x080001d3   Thumb Code    18  memseta.o(.text)
    strlen                                   0x080001e5   Thumb Code    14  strlen.o(.text)
    __aeabi_dadd                             0x080001f3   Thumb Code   322  dadd.o(.text)
    __aeabi_dsub                             0x08000335   Thumb Code     6  dadd.o(.text)
    __aeabi_drsub                            0x0800033b   Thumb Code     6  dadd.o(.text)
    __aeabi_dmul                             0x08000341   Thumb Code   228  dmul.o(.text)
    __aeabi_ddiv                             0x08000425   Thumb Code   222  ddiv.o(.text)
    __aeabi_f2d                              0x08000503   Thumb Code    38  f2d.o(.text)
    __aeabi_uidiv                            0x08000529   Thumb Code     0  uidiv.o(.text)
    __aeabi_uidivmod                         0x08000529   Thumb Code    44  uidiv.o(.text)
    __aeabi_uldivmod                         0x08000555   Thumb Code    98  uldiv.o(.text)
    __aeabi_llsl                             0x080005b7   Thumb Code    30  llshl.o(.text)
    _ll_shift_l                              0x080005b7   Thumb Code     0  llshl.o(.text)
    __aeabi_lasr                             0x080005d5   Thumb Code    36  llsshr.o(.text)
    _ll_sshift_r                             0x080005d5   Thumb Code     0  llsshr.o(.text)
    __I$use$fp                               0x080005f9   Thumb Code     0  iusefp.o(.text)
    _double_round                            0x080005f9   Thumb Code    30  depilogue.o(.text)
    _double_epilogue                         0x08000617   Thumb Code   156  depilogue.o(.text)
    __aeabi_d2ulz                            0x080006b3   Thumb Code    48  dfixul.o(.text)
    __aeabi_cdrcmple                         0x080006e5   Thumb Code    48  cdrcmple.o(.text)
    __scatterload                            0x08000715   Thumb Code    38  init.o(.text)
    __scatterload_rt2                        0x08000715   Thumb Code     0  init.o(.text)
    __aeabi_llsr                             0x08000745   Thumb Code    32  llushr.o(.text)
    _ll_ushift_r                             0x08000745   Thumb Code     0  llushr.o(.text)
    __decompress                             0x08000765   Thumb Code     0  __dczerorl.o(.text)
    __decompress0                            0x08000765   Thumb Code    58  __dczerorl.o(.text)
    BusFault_Handler                         0x08000811   Thumb Code     2  stm32f3xx_it.o(.text.BusFault_Handler)
    CAN_Init                                 0x08000815   Thumb Code    62  can_receive.o(.text.CAN_Init)
    CAN_RX0_IRQHandler                       0x08000855   Thumb Code    12  stm32f3xx_it.o(.text.CAN_RX0_IRQHandler)
    CAN_supercap_rx_Data                     0x08000861   Thumb Code    58  cap.o(.text.CAN_supercap_rx_Data)
    DMA1_Channel1_IRQHandler                 0x0800089d   Thumb Code    12  stm32f3xx_it.o(.text.DMA1_Channel1_IRQHandler)
    DMA1_Channel2_IRQHandler                 0x080008a9   Thumb Code    12  stm32f3xx_it.o(.text.DMA1_Channel2_IRQHandler)
    DebugMon_Handler                         0x080008b5   Thumb Code     2  stm32f3xx_it.o(.text.DebugMon_Handler)
    Error_Handler                            0x080008b9   Thumb Code    10  main.o(.text.Error_Handler)
    HAL_ADCEx_Calibration_Start              0x080008c5   Thumb Code   254  stm32f3xx_hal_adc_ex.o(.text.HAL_ADCEx_Calibration_Start)
    HAL_ADCEx_MultiModeConfigChannel         0x080009c5   Thumb Code   240  stm32f3xx_hal_adc_ex.o(.text.HAL_ADCEx_MultiModeConfigChannel)
    HAL_ADC_ConfigChannel                    0x08000ab5   Thumb Code   944  stm32f3xx_hal_adc_ex.o(.text.HAL_ADC_ConfigChannel)
    HAL_ADC_ConvCpltCallback                 0x08000e65   Thumb Code     2  stm32f3xx_hal_adc.o(.text.HAL_ADC_ConvCpltCallback)
    HAL_ADC_ConvHalfCpltCallback             0x08000e69   Thumb Code     2  stm32f3xx_hal_adc.o(.text.HAL_ADC_ConvHalfCpltCallback)
    HAL_ADC_ErrorCallback                    0x08000e6d   Thumb Code     2  stm32f3xx_hal_adc.o(.text.HAL_ADC_ErrorCallback)
    HAL_ADC_Init                             0x08000e71   Thumb Code   682  stm32f3xx_hal_adc_ex.o(.text.HAL_ADC_Init)
    HAL_ADC_MspInit                          0x0800111d   Thumb Code   416  adc.o(.text.HAL_ADC_MspInit)
    HAL_ADC_Start_DMA                        0x080012bd   Thumb Code   362  stm32f3xx_hal_adc_ex.o(.text.HAL_ADC_Start_DMA)
    HAL_CAN_ActivateNotification             0x08001429   Thumb Code    46  stm32f3xx_hal_can.o(.text.HAL_CAN_ActivateNotification)
    HAL_CAN_ConfigFilter                     0x08001459   Thumb Code   234  stm32f3xx_hal_can.o(.text.HAL_CAN_ConfigFilter)
    HAL_CAN_ErrorCallback                    0x08001545   Thumb Code     2  stm32f3xx_hal_can.o(.text.HAL_CAN_ErrorCallback)
    HAL_CAN_GetRxMessage                     0x08001549   Thumb Code   298  stm32f3xx_hal_can.o(.text.HAL_CAN_GetRxMessage)
    HAL_CAN_IRQHandler                       0x08001675   Thumb Code   606  stm32f3xx_hal_can.o(.text.HAL_CAN_IRQHandler)
    HAL_CAN_Init                             0x080018d5   Thumb Code   244  stm32f3xx_hal_can.o(.text.HAL_CAN_Init)
    HAL_CAN_MspInit                          0x080019c9   Thumb Code   120  can.o(.text.HAL_CAN_MspInit)
    HAL_CAN_RxFifo0FullCallback              0x08001a41   Thumb Code     2  stm32f3xx_hal_can.o(.text.HAL_CAN_RxFifo0FullCallback)
    HAL_CAN_RxFifo0MsgPendingCallback        0x08001a45   Thumb Code    50  can_receive.o(.text.HAL_CAN_RxFifo0MsgPendingCallback)
    HAL_CAN_RxFifo1FullCallback              0x08001a79   Thumb Code     2  stm32f3xx_hal_can.o(.text.HAL_CAN_RxFifo1FullCallback)
    HAL_CAN_RxFifo1MsgPendingCallback        0x08001a7d   Thumb Code     2  stm32f3xx_hal_can.o(.text.HAL_CAN_RxFifo1MsgPendingCallback)
    HAL_CAN_SleepCallback                    0x08001a81   Thumb Code     2  stm32f3xx_hal_can.o(.text.HAL_CAN_SleepCallback)
    HAL_CAN_Start                            0x08001a85   Thumb Code    90  stm32f3xx_hal_can.o(.text.HAL_CAN_Start)
    HAL_CAN_TxMailbox0AbortCallback          0x08001ae1   Thumb Code     2  stm32f3xx_hal_can.o(.text.HAL_CAN_TxMailbox0AbortCallback)
    HAL_CAN_TxMailbox0CompleteCallback       0x08001ae5   Thumb Code     2  stm32f3xx_hal_can.o(.text.HAL_CAN_TxMailbox0CompleteCallback)
    HAL_CAN_TxMailbox1AbortCallback          0x08001ae9   Thumb Code     2  stm32f3xx_hal_can.o(.text.HAL_CAN_TxMailbox1AbortCallback)
    HAL_CAN_TxMailbox1CompleteCallback       0x08001aed   Thumb Code     2  stm32f3xx_hal_can.o(.text.HAL_CAN_TxMailbox1CompleteCallback)
    HAL_CAN_TxMailbox2AbortCallback          0x08001af1   Thumb Code     2  stm32f3xx_hal_can.o(.text.HAL_CAN_TxMailbox2AbortCallback)
    HAL_CAN_TxMailbox2CompleteCallback       0x08001af5   Thumb Code     2  stm32f3xx_hal_can.o(.text.HAL_CAN_TxMailbox2CompleteCallback)
    HAL_CAN_WakeUpFromRxMsgCallback          0x08001af9   Thumb Code     2  stm32f3xx_hal_can.o(.text.HAL_CAN_WakeUpFromRxMsgCallback)
    HAL_DMA_IRQHandler                       0x08001afd   Thumb Code   162  stm32f3xx_hal_dma.o(.text.HAL_DMA_IRQHandler)
    HAL_DMA_Init                             0x08001ba1   Thumb Code   118  stm32f3xx_hal_dma.o(.text.HAL_DMA_Init)
    HAL_DMA_Start_IT                         0x08001c19   Thumb Code   160  stm32f3xx_hal_dma.o(.text.HAL_DMA_Start_IT)
    HAL_GPIO_Init                            0x08001cb9   Thumb Code   442  stm32f3xx_hal_gpio.o(.text.HAL_GPIO_Init)
    HAL_GPIO_TogglePin                       0x08001e75   Thumb Code    16  stm32f3xx_hal_gpio.o(.text.HAL_GPIO_TogglePin)
    HAL_GPIO_WritePin                        0x08001e85   Thumb Code    12  stm32f3xx_hal_gpio.o(.text.HAL_GPIO_WritePin)
    HAL_GetTick                              0x08001e91   Thumb Code    12  stm32f3xx_hal.o(.text.HAL_GetTick)
    HAL_HRTIM_DLLCalibrationStart            0x08001e9d   Thumb Code    84  stm32f3xx_hal_hrtim.o(.text.HAL_HRTIM_DLLCalibrationStart)
    HAL_HRTIM_DeadTimeConfig                 0x08001ef1   Thumb Code   152  stm32f3xx_hal_hrtim.o(.text.HAL_HRTIM_DeadTimeConfig)
    HAL_HRTIM_Init                           0x08001f89   Thumb Code   222  stm32f3xx_hal_hrtim.o(.text.HAL_HRTIM_Init)
    HAL_HRTIM_MspInit                        0x08002069   Thumb Code    48  hrtim.o(.text.HAL_HRTIM_MspInit)
    HAL_HRTIM_PollForDLLCalibration          0x08002099   Thumb Code   114  stm32f3xx_hal_hrtim.o(.text.HAL_HRTIM_PollForDLLCalibration)
    HAL_HRTIM_TimeBaseConfig                 0x0800210d   Thumb Code   116  stm32f3xx_hal_hrtim.o(.text.HAL_HRTIM_TimeBaseConfig)
    HAL_HRTIM_WaveformCompareConfig          0x08002181   Thumb Code   418  stm32f3xx_hal_hrtim.o(.text.HAL_HRTIM_WaveformCompareConfig)
    HAL_HRTIM_WaveformCountStart             0x08002325   Thumb Code    40  stm32f3xx_hal_hrtim.o(.text.HAL_HRTIM_WaveformCountStart)
    HAL_HRTIM_WaveformOutputConfig           0x0800234d   Thumb Code    58  stm32f3xx_hal_hrtim.o(.text.HAL_HRTIM_WaveformOutputConfig)
    HAL_HRTIM_WaveformOutputStart            0x08002389   Thumb Code    44  stm32f3xx_hal_hrtim.o(.text.HAL_HRTIM_WaveformOutputStart)
    HAL_HRTIM_WaveformOutputStop             0x080023b5   Thumb Code    44  stm32f3xx_hal_hrtim.o(.text.HAL_HRTIM_WaveformOutputStop)
    HAL_HRTIM_WaveformTimerConfig            0x080023e1   Thumb Code   540  stm32f3xx_hal_hrtim.o(.text.HAL_HRTIM_WaveformTimerConfig)
    HAL_IncTick                              0x08002629   Thumb Code    26  stm32f3xx_hal.o(.text.HAL_IncTick)
    HAL_Init                                 0x08002645   Thumb Code    38  stm32f3xx_hal.o(.text.HAL_Init)
    HAL_InitTick                             0x0800266d   Thumb Code    72  stm32f3xx_hal.o(.text.HAL_InitTick)
    HAL_MspInit                              0x080026b5   Thumb Code    50  stm32f3xx_hal_msp.o(.text.HAL_MspInit)
    HAL_NVIC_EnableIRQ                       0x080026e9   Thumb Code    34  stm32f3xx_hal_cortex.o(.text.HAL_NVIC_EnableIRQ)
    HAL_NVIC_SetPriority                     0x0800270d   Thumb Code    86  stm32f3xx_hal_cortex.o(.text.HAL_NVIC_SetPriority)
    HAL_NVIC_SetPriorityGrouping             0x08002765   Thumb Code    32  stm32f3xx_hal_cortex.o(.text.HAL_NVIC_SetPriorityGrouping)
    HAL_RCCEx_PeriphCLKConfig                0x08002785   Thumb Code   344  stm32f3xx_hal_rcc_ex.o(.text.HAL_RCCEx_PeriphCLKConfig)
    HAL_RCC_ClockConfig                      0x080028dd   Thumb Code   418  stm32f3xx_hal_rcc.o(.text.HAL_RCC_ClockConfig)
    HAL_RCC_GetPCLK1Freq                     0x08002a81   Thumb Code    38  stm32f3xx_hal_rcc.o(.text.HAL_RCC_GetPCLK1Freq)
    HAL_RCC_GetSysClockFreq                  0x08002aa9   Thumb Code    86  stm32f3xx_hal_rcc.o(.text.HAL_RCC_GetSysClockFreq)
    HAL_RCC_OscConfig                        0x08002b01   Thumb Code   936  stm32f3xx_hal_rcc.o(.text.HAL_RCC_OscConfig)
    HAL_SYSTICK_Config                       0x08002ea9   Thumb Code    44  stm32f3xx_hal_cortex.o(.text.HAL_SYSTICK_Config)
    HAL_TIMEx_Break2Callback                 0x08002ed5   Thumb Code     2  stm32f3xx_hal_tim_ex.o(.text.HAL_TIMEx_Break2Callback)
    HAL_TIMEx_BreakCallback                  0x08002ed9   Thumb Code     2  stm32f3xx_hal_tim_ex.o(.text.HAL_TIMEx_BreakCallback)
    HAL_TIMEx_CommutCallback                 0x08002edd   Thumb Code     2  stm32f3xx_hal_tim_ex.o(.text.HAL_TIMEx_CommutCallback)
    HAL_TIMEx_MasterConfigSynchronization    0x08002ee1   Thumb Code   134  stm32f3xx_hal_tim_ex.o(.text.HAL_TIMEx_MasterConfigSynchronization)
    HAL_TIM_Base_Init                        0x08002f69   Thumb Code   294  stm32f3xx_hal_tim.o(.text.HAL_TIM_Base_Init)
    HAL_TIM_Base_MspInit                     0x08003091   Thumb Code    62  tim.o(.text.HAL_TIM_Base_MspInit)
    HAL_TIM_Base_Start_IT                    0x080030d1   Thumb Code   122  stm32f3xx_hal_tim.o(.text.HAL_TIM_Base_Start_IT)
    HAL_TIM_ConfigClockSource                0x0800314d   Thumb Code   416  stm32f3xx_hal_tim.o(.text.HAL_TIM_ConfigClockSource)
    HAL_TIM_IC_CaptureCallback               0x080032ed   Thumb Code     2  stm32f3xx_hal_tim.o(.text.HAL_TIM_IC_CaptureCallback)
    HAL_TIM_IRQHandler                       0x080032f1   Thumb Code   364  stm32f3xx_hal_tim.o(.text.HAL_TIM_IRQHandler)
    HAL_TIM_OC_DelayElapsedCallback          0x0800345d   Thumb Code     2  stm32f3xx_hal_tim.o(.text.HAL_TIM_OC_DelayElapsedCallback)
    HAL_TIM_PWM_PulseFinishedCallback        0x08003461   Thumb Code     2  stm32f3xx_hal_tim.o(.text.HAL_TIM_PWM_PulseFinishedCallback)
    HAL_TIM_PeriodElapsedCallback            0x08003465   Thumb Code   268  main.o(.text.HAL_TIM_PeriodElapsedCallback)
    HAL_TIM_TriggerCallback                  0x08003581   Thumb Code     2  stm32f3xx_hal_tim.o(.text.HAL_TIM_TriggerCallback)
    HAL_UART_Init                            0x08003585   Thumb Code    96  stm32f3xx_hal_uart.o(.text.HAL_UART_Init)
    HAL_UART_MspInit                         0x080035e5   Thumb Code   106  usart.o(.text.HAL_UART_MspInit)
    HAL_UART_Transmit                        0x08003651   Thumb Code   398  stm32f3xx_hal_uart.o(.text.HAL_UART_Transmit)
    HardFault_Handler                        0x080038c9   Thumb Code     2  stm32f3xx_it.o(.text.HardFault_Handler)
    LimitMax                                 0x080038cd   Thumb Code    40  function.o(.text.LimitMax)
    MX_ADC1_Init                             0x080038f5   Thumb Code   220  adc.o(.text.MX_ADC1_Init)
    MX_ADC2_Init                             0x080039d1   Thumb Code   176  adc.o(.text.MX_ADC2_Init)
    MX_CAN_Init                              0x08003a81   Thumb Code    64  can.o(.text.MX_CAN_Init)
    MX_DMA_Init                              0x08003ac1   Thumb Code    68  dma.o(.text.MX_DMA_Init)
    MX_GPIO_Init                             0x08003b05   Thumb Code   134  gpio.o(.text.MX_GPIO_Init)
    MX_HRTIM1_Init                           0x08003b8d   Thumb Code   812  hrtim.o(.text.MX_HRTIM1_Init)
    MX_TIM2_Init                             0x08003eb9   Thumb Code   116  tim.o(.text.MX_TIM2_Init)
    MX_USART2_UART_Init                      0x08003f2d   Thumb Code    64  usart.o(.text.MX_USART2_UART_Init)
    MemManage_Handler                        0x08003f6d   Thumb Code     2  stm32f3xx_it.o(.text.MemManage_Handler)
    MyPrintf                                 0x08003f71   Thumb Code    74  function.o(.text.MyPrintf)
    NMI_Handler                              0x08003fbd   Thumb Code     2  stm32f3xx_it.o(.text.NMI_Handler)
    PID_calc                                 0x08003fc1   Thumb Code   146  pid.o(.text.PID_calc)
    PID_init                                 0x08004055   Thumb Code    48  pid.o(.text.PID_init)
    PendSV_Handler                           0x08004085   Thumb Code     2  stm32f3xx_it.o(.text.PendSV_Handler)
    Power_Loop                               0x08004089   Thumb Code   380  cap.o(.text.Power_Loop)
    SVC_Handler                              0x08004215   Thumb Code     2  stm32f3xx_it.o(.text.SVC_Handler)
    SysTick_Handler                          0x08004219   Thumb Code     4  stm32f3xx_it.o(.text.SysTick_Handler)
    SystemInit                               0x0800421d   Thumb Code    18  system_stm32f3xx.o(.text.SystemInit)
    TIM2_IRQHandler                          0x08004231   Thumb Code    12  stm32f3xx_it.o(.text.TIM2_IRQHandler)
    UART_AdvFeatureConfig                    0x0800423d   Thumb Code   234  stm32f3xx_hal_uart.o(.text.UART_AdvFeatureConfig)
    UART_CheckIdleState                      0x08004329   Thumb Code   360  stm32f3xx_hal_uart.o(.text.UART_CheckIdleState)
    UART_SetConfig                           0x08004491   Thumb Code   332  stm32f3xx_hal_uart.o(.text.UART_SetConfig)
    UART_WaitOnFlagUntilTimeout              0x080045ed   Thumb Code   832  stm32f3xx_hal_uart.o(.text.UART_WaitOnFlagUntilTimeout)
    UsageFault_Handler                       0x0800492d   Thumb Code     2  stm32f3xx_it.o(.text.UsageFault_Handler)
    adc_solve                                0x08004931   Thumb Code   592  cap.o(.text.adc_solve)
    led_error                                0x08004b95   Thumb Code    58  state_led.o(.text.led_error)
    main                                     0x08004bd1   Thumb Code   292  main.o(.text.main)
    mode_choose                              0x08004d11   Thumb Code    76  cap.o(.text.mode_choose)
    system_init                              0x08004d61   Thumb Code   260  cap.o(.text.system_init)
    __0vsnprintf                             0x08004e7d   Thumb Code    46  printfa.o(i.__0vsnprintf)
    __1vsnprintf                             0x08004e7d   Thumb Code     0  printfa.o(i.__0vsnprintf)
    __2vsnprintf                             0x08004e7d   Thumb Code     0  printfa.o(i.__0vsnprintf)
    __c89vsnprintf                           0x08004e7d   Thumb Code     0  printfa.o(i.__0vsnprintf)
    vsnprintf                                0x08004e7d   Thumb Code     0  printfa.o(i.__0vsnprintf)
    __scatterload_copy                       0x08004eb1   Thumb Code    14  handlers.o(i.__scatterload_copy)
    __scatterload_null                       0x08004ebf   Thumb Code     2  handlers.o(i.__scatterload_null)
    __scatterload_zeroinit                   0x08004ec1   Thumb Code    14  handlers.o(i.__scatterload_zeroinit)
    AHBPrescTable                            0x08005798   Data          16  system_stm32f3xx.o(.rodata.AHBPrescTable)
    APBPrescTable                            0x080057a8   Data           8  system_stm32f3xx.o(.rodata.APBPrescTable)
    Region$$Table$$Base                      0x080057d0   Number         0  anon$$obj.o(Region$$Table)
    Region$$Table$$Limit                     0x080057f0   Number         0  anon$$obj.o(Region$$Table)
    uwTickFreq                               0x20000000   Data           1  stm32f3xx_hal.o(.data..L_MergedGlobals)
    uwTickPrio                               0x20000004   Data           4  stm32f3xx_hal.o(.data..L_MergedGlobals)
    PID_BUCK_V                               0x20000008   Data          12  cap.o(.data..L_MergedGlobals)
    PID_BUCK_I                               0x20000014   Data          12  cap.o(.data..L_MergedGlobals)
    PID_BOOST_V                              0x20000020   Data          12  cap.o(.data..L_MergedGlobals)
    PID_BOOST_I                              0x2000002c   Data          12  cap.o(.data..L_MergedGlobals)
    VI_over_data                             0x20000038   Data          20  cap.o(.data..L_MergedGlobals)
    power_data                               0x2000004c   Data          32  cap.o(.data..L_MergedGlobals)
    SystemCoreClock                          0x2000006c   Data           4  system_stm32f3xx.o(.data.SystemCoreClock)
    adc_data                                 0x20000070   Data         228  cap.o(.data.adc_data)
    protect_open                             0x20000158   Data           1  main.o(.bss..L_MergedGlobals)
    count                                    0x2000015c   Data           4  main.o(.bss..L_MergedGlobals)
    chassis_power                            0x20000160   Data           4  main.o(.bss..L_MergedGlobals)
    hdma_adc1                                0x20000168   Data          68  adc.o(.bss..L_MergedGlobals)
    expect_i                                 0x200001ac   Data           4  cap.o(.bss..L_MergedGlobals.1)
    pwm_out                                  0x200001b0   Data           4  cap.o(.bss..L_MergedGlobals.1)
    MosD_Duty                                0x200001b4   Data           4  cap.o(.bss..L_MergedGlobals.1)
    MosA_Duty                                0x200001b8   Data           4  cap.o(.bss..L_MergedGlobals.1)
    pid_buck_v                               0x200001bc   Data         100  cap.o(.bss..L_MergedGlobals.1)
    hadc1                                    0x20000220   Data          80  adc.o(.bss.hadc1)
    hadc2                                    0x20000270   Data          80  adc.o(.bss.hadc2)
    hcan                                     0x200002c0   Data          40  can.o(.bss.hcan)
    hcanRxFrame                              0x200002e8   Data          36  can_receive.o(.bss.hcanRxFrame)
    hdma_adc2                                0x2000030c   Data          68  adc.o(.bss.hdma_adc2)
    hhrtim1                                  0x20000350   Data         220  hrtim.o(.bss.hhrtim1)
    htim2                                    0x2000042c   Data          76  tim.o(.bss.htim2)
    huart2                                   0x20000478   Data         136  usart.o(.bss.huart2)
    pid_boost_i                              0x20000500   Data         100  cap.o(.bss.pid_boost_i)
    pid_boost_v                              0x20000564   Data         100  cap.o(.bss.pid_boost_v)
    pid_buck_i                               0x200005c8   Data         100  cap.o(.bss.pid_buck_i)
    supercap_measure                         0x2000062c   Data          16  cap.o(.bss.supercap_measure)
    system_data                              0x2000063c   Data           1  state_led.o(.bss.system_data)
    uwTick                                   0x20000640   Data           4  stm32f3xx_hal.o(.bss.uwTick)
    __initial_sp                             0x20000a48   Data           0  startup_stm32f334x8.o(STACK)



==============================================================================

Memory Map of the image

  Image Entry point : 0x08000189

  Load Region LR_IROM1 (Base: 0x08000000, Size: 0x00005948, Max: 0x00010000, ABSOLUTE, COMPRESSED[0x00005870])

    Execution Region ER_IROM1 (Exec base: 0x08000000, Load base: 0x08000000, Size: 0x000057f0, Max: 0x00010000, ABSOLUTE)

    Exec Addr    Load Addr    Size         Type   Attr      Idx    E Section Name        Object

    0x08000000   0x08000000   0x00000188   Data   RO            3    RESET               startup_stm32f334x8.o
    0x08000188   0x08000188   0x00000000   Code   RO         1750  * .ARM.Collect$$$$00000000  mc_w.l(entry.o)
    0x08000188   0x08000188   0x00000004   Code   RO         1793    .ARM.Collect$$$$00000001  mc_w.l(entry2.o)
    0x0800018c   0x0800018c   0x00000004   Code   RO         1796    .ARM.Collect$$$$00000004  mc_w.l(entry5.o)
    0x08000190   0x08000190   0x00000000   Code   RO         1798    .ARM.Collect$$$$00000008  mc_w.l(entry7b.o)
    0x08000190   0x08000190   0x00000000   Code   RO         1800    .ARM.Collect$$$$0000000A  mc_w.l(entry8b.o)
    0x08000190   0x08000190   0x00000008   Code   RO         1801    .ARM.Collect$$$$0000000B  mc_w.l(entry9a.o)
    0x08000198   0x08000198   0x00000000   Code   RO         1803    .ARM.Collect$$$$0000000D  mc_w.l(entry10a.o)
    0x08000198   0x08000198   0x00000000   Code   RO         1805    .ARM.Collect$$$$0000000F  mc_w.l(entry11a.o)
    0x08000198   0x08000198   0x00000004   Code   RO         1794    .ARM.Collect$$$$00002712  mc_w.l(entry2.o)
    0x0800019c   0x0800019c   0x00000024   Code   RO            4    .text               startup_stm32f334x8.o
    0x080001c0   0x080001c0   0x00000024   Code   RO         1753    .text               mc_w.l(memseta.o)
    0x080001e4   0x080001e4   0x0000000e   Code   RO         1755    .text               mc_w.l(strlen.o)
    0x080001f2   0x080001f2   0x0000014e   Code   RO         1785    .text               mf_w.l(dadd.o)
    0x08000340   0x08000340   0x000000e4   Code   RO         1787    .text               mf_w.l(dmul.o)
    0x08000424   0x08000424   0x000000de   Code   RO         1789    .text               mf_w.l(ddiv.o)
    0x08000502   0x08000502   0x00000026   Code   RO         1791    .text               mf_w.l(f2d.o)
    0x08000528   0x08000528   0x0000002c   Code   RO         1821    .text               mc_w.l(uidiv.o)
    0x08000554   0x08000554   0x00000062   Code   RO         1823    .text               mc_w.l(uldiv.o)
    0x080005b6   0x080005b6   0x0000001e   Code   RO         1825    .text               mc_w.l(llshl.o)
    0x080005d4   0x080005d4   0x00000024   Code   RO         1827    .text               mc_w.l(llsshr.o)
    0x080005f8   0x080005f8   0x00000000   Code   RO         1829    .text               mc_w.l(iusefp.o)
    0x080005f8   0x080005f8   0x000000ba   Code   RO         1830    .text               mf_w.l(depilogue.o)
    0x080006b2   0x080006b2   0x00000030   Code   RO         1832    .text               mf_w.l(dfixul.o)
    0x080006e2   0x080006e2   0x00000002   PAD
    0x080006e4   0x080006e4   0x00000030   Code   RO         1834    .text               mf_w.l(cdrcmple.o)
    0x08000714   0x08000714   0x00000030   Code   RO         1836    .text               mc_w.l(init.o)
    0x08000744   0x08000744   0x00000020   Code   RO         1839    .text               mc_w.l(llushr.o)
    0x08000764   0x08000764   0x0000003a   Code   RO         1850    .text               mc_w.l(__dczerorl.o)
    0x0800079e   0x0800079e   0x00000002   PAD
    0x080007a0   0x080007a0   0x00000050   Code   RO          249    .text.ADC_DMAConvCplt  stm32f3xx_hal_adc_ex.o
    0x080007f0   0x080007f0   0x00000016   Code   RO          253    .text.ADC_DMAError  stm32f3xx_hal_adc_ex.o
    0x08000806   0x08000806   0x00000002   PAD
    0x08000808   0x08000808   0x00000006   Code   RO          251    .text.ADC_DMAHalfConvCplt  stm32f3xx_hal_adc_ex.o
    0x0800080e   0x0800080e   0x00000002   PAD
    0x08000810   0x08000810   0x00000002   Code   RO          140    .text.BusFault_Handler  stm32f3xx_it.o
    0x08000812   0x08000812   0x00000002   PAD
    0x08000814   0x08000814   0x0000003e   Code   RO         1666    .text.CAN_Init      can_receive.o
    0x08000852   0x08000852   0x00000002   PAD
    0x08000854   0x08000854   0x0000000c   Code   RO          156    .text.CAN_RX0_IRQHandler  stm32f3xx_it.o
    0x08000860   0x08000860   0x0000003a   Code   RO         1702    .text.CAN_supercap_rx_Data  cap.o
    0x0800089a   0x0800089a   0x00000002   PAD
    0x0800089c   0x0800089c   0x0000000c   Code   RO          152    .text.DMA1_Channel1_IRQHandler  stm32f3xx_it.o
    0x080008a8   0x080008a8   0x0000000c   Code   RO          154    .text.DMA1_Channel2_IRQHandler  stm32f3xx_it.o
    0x080008b4   0x080008b4   0x00000002   Code   RO          146    .text.DebugMon_Handler  stm32f3xx_it.o
    0x080008b6   0x080008b6   0x00000002   PAD
    0x080008b8   0x080008b8   0x0000000a   Code   RO           15    .text.Error_Handler  main.o
    0x080008c2   0x080008c2   0x00000002   PAD
    0x080008c4   0x080008c4   0x000000fe   Code   RO          269    .text.HAL_ADCEx_Calibration_Start  stm32f3xx_hal_adc_ex.o
    0x080009c2   0x080009c2   0x00000002   PAD
    0x080009c4   0x080009c4   0x000000f0   Code   RO          307    .text.HAL_ADCEx_MultiModeConfigChannel  stm32f3xx_hal_adc_ex.o
    0x08000ab4   0x08000ab4   0x000003b0   Code   RO          301    .text.HAL_ADC_ConfigChannel  stm32f3xx_hal_adc_ex.o
    0x08000e64   0x08000e64   0x00000002   Code   RO          203    .text.HAL_ADC_ConvCpltCallback  stm32f3xx_hal_adc.o
    0x08000e66   0x08000e66   0x00000002   PAD
    0x08000e68   0x08000e68   0x00000002   Code   RO          205    .text.HAL_ADC_ConvHalfCpltCallback  stm32f3xx_hal_adc.o
    0x08000e6a   0x08000e6a   0x00000002   PAD
    0x08000e6c   0x08000e6c   0x00000002   Code   RO          209    .text.HAL_ADC_ErrorCallback  stm32f3xx_hal_adc.o
    0x08000e6e   0x08000e6e   0x00000002   PAD
    0x08000e70   0x08000e70   0x000002aa   Code   RO          227    .text.HAL_ADC_Init  stm32f3xx_hal_adc_ex.o
    0x0800111a   0x0800111a   0x00000002   PAD
    0x0800111c   0x0800111c   0x000001a0   Code   RO           47    .text.HAL_ADC_MspInit  adc.o
    0x080012bc   0x080012bc   0x0000016a   Code   RO          247    .text.HAL_ADC_Start_DMA  stm32f3xx_hal_adc_ex.o
    0x08001426   0x08001426   0x00000002   PAD
    0x08001428   0x08001428   0x0000002e   Code   RO          863    .text.HAL_CAN_ActivateNotification  stm32f3xx_hal_can.o
    0x08001456   0x08001456   0x00000002   PAD
    0x08001458   0x08001458   0x000000ea   Code   RO          839    .text.HAL_CAN_ConfigFilter  stm32f3xx_hal_can.o
    0x08001542   0x08001542   0x00000002   PAD
    0x08001544   0x08001544   0x00000002   Code   RO          893    .text.HAL_CAN_ErrorCallback  stm32f3xx_hal_can.o
    0x08001546   0x08001546   0x00000002   PAD
    0x08001548   0x08001548   0x0000012a   Code   RO          859    .text.HAL_CAN_GetRxMessage  stm32f3xx_hal_can.o
    0x08001672   0x08001672   0x00000002   PAD
    0x08001674   0x08001674   0x0000025e   Code   RO          867    .text.HAL_CAN_IRQHandler  stm32f3xx_hal_can.o
    0x080018d2   0x080018d2   0x00000002   PAD
    0x080018d4   0x080018d4   0x000000f4   Code   RO          829    .text.HAL_CAN_Init  stm32f3xx_hal_can.o
    0x080019c8   0x080019c8   0x00000078   Code   RO           65    .text.HAL_CAN_MspInit  can.o
    0x08001a40   0x08001a40   0x00000002   Code   RO          881    .text.HAL_CAN_RxFifo0FullCallback  stm32f3xx_hal_can.o
    0x08001a42   0x08001a42   0x00000002   PAD
    0x08001a44   0x08001a44   0x00000032   Code   RO         1672    .text.HAL_CAN_RxFifo0MsgPendingCallback  can_receive.o
    0x08001a76   0x08001a76   0x00000002   PAD
    0x08001a78   0x08001a78   0x00000002   Code   RO          885    .text.HAL_CAN_RxFifo1FullCallback  stm32f3xx_hal_can.o
    0x08001a7a   0x08001a7a   0x00000002   PAD
    0x08001a7c   0x08001a7c   0x00000002   Code   RO          887    .text.HAL_CAN_RxFifo1MsgPendingCallback  stm32f3xx_hal_can.o
    0x08001a7e   0x08001a7e   0x00000002   PAD
    0x08001a80   0x08001a80   0x00000002   Code   RO          889    .text.HAL_CAN_SleepCallback  stm32f3xx_hal_can.o
    0x08001a82   0x08001a82   0x00000002   PAD
    0x08001a84   0x08001a84   0x0000005a   Code   RO          841    .text.HAL_CAN_Start  stm32f3xx_hal_can.o
    0x08001ade   0x08001ade   0x00000002   PAD
    0x08001ae0   0x08001ae0   0x00000002   Code   RO          871    .text.HAL_CAN_TxMailbox0AbortCallback  stm32f3xx_hal_can.o
    0x08001ae2   0x08001ae2   0x00000002   PAD
    0x08001ae4   0x08001ae4   0x00000002   Code   RO          869    .text.HAL_CAN_TxMailbox0CompleteCallback  stm32f3xx_hal_can.o
    0x08001ae6   0x08001ae6   0x00000002   PAD
    0x08001ae8   0x08001ae8   0x00000002   Code   RO          875    .text.HAL_CAN_TxMailbox1AbortCallback  stm32f3xx_hal_can.o
    0x08001aea   0x08001aea   0x00000002   PAD
    0x08001aec   0x08001aec   0x00000002   Code   RO          873    .text.HAL_CAN_TxMailbox1CompleteCallback  stm32f3xx_hal_can.o
    0x08001aee   0x08001aee   0x00000002   PAD
    0x08001af0   0x08001af0   0x00000002   Code   RO          879    .text.HAL_CAN_TxMailbox2AbortCallback  stm32f3xx_hal_can.o
    0x08001af2   0x08001af2   0x00000002   PAD
    0x08001af4   0x08001af4   0x00000002   Code   RO          877    .text.HAL_CAN_TxMailbox2CompleteCallback  stm32f3xx_hal_can.o
    0x08001af6   0x08001af6   0x00000002   PAD
    0x08001af8   0x08001af8   0x00000002   Code   RO          891    .text.HAL_CAN_WakeUpFromRxMsgCallback  stm32f3xx_hal_can.o
    0x08001afa   0x08001afa   0x00000002   PAD
    0x08001afc   0x08001afc   0x000000a2   Code   RO          466    .text.HAL_DMA_IRQHandler  stm32f3xx_hal_dma.o
    0x08001b9e   0x08001b9e   0x00000002   PAD
    0x08001ba0   0x08001ba0   0x00000076   Code   RO          452    .text.HAL_DMA_Init  stm32f3xx_hal_dma.o
    0x08001c16   0x08001c16   0x00000002   PAD
    0x08001c18   0x08001c18   0x000000a0   Code   RO          458    .text.HAL_DMA_Start_IT  stm32f3xx_hal_dma.o
    0x08001cb8   0x08001cb8   0x000001ba   Code   RO          428    .text.HAL_GPIO_Init  stm32f3xx_hal_gpio.o
    0x08001e72   0x08001e72   0x00000002   PAD
    0x08001e74   0x08001e74   0x00000010   Code   RO          436    .text.HAL_GPIO_TogglePin  stm32f3xx_hal_gpio.o
    0x08001e84   0x08001e84   0x0000000c   Code   RO          434    .text.HAL_GPIO_WritePin  stm32f3xx_hal_gpio.o
    0x08001e90   0x08001e90   0x0000000c   Code   RO          329    .text.HAL_GetTick   stm32f3xx_hal.o
    0x08001e9c   0x08001e9c   0x00000054   Code   RO          917    .text.HAL_HRTIM_DLLCalibrationStart  stm32f3xx_hal_hrtim.o
    0x08001ef0   0x08001ef0   0x00000098   Code   RO         1021    .text.HAL_HRTIM_DeadTimeConfig  stm32f3xx_hal_hrtim.o
    0x08001f88   0x08001f88   0x000000de   Code   RO          909    .text.HAL_HRTIM_Init  stm32f3xx_hal_hrtim.o
    0x08002066   0x08002066   0x00000002   PAD
    0x08002068   0x08002068   0x00000030   Code   RO           91    .text.HAL_HRTIM_MspInit  hrtim.o
    0x08002098   0x08002098   0x00000072   Code   RO          921    .text.HAL_HRTIM_PollForDLLCalibration  stm32f3xx_hal_hrtim.o
    0x0800210a   0x0800210a   0x00000002   PAD
    0x0800210c   0x0800210c   0x00000074   Code   RO          923    .text.HAL_HRTIM_TimeBaseConfig  stm32f3xx_hal_hrtim.o
    0x08002180   0x08002180   0x000001a2   Code   RO         1027    .text.HAL_HRTIM_WaveformCompareConfig  stm32f3xx_hal_hrtim.o
    0x08002322   0x08002322   0x00000002   PAD
    0x08002324   0x08002324   0x00000028   Code   RO         1039    .text.HAL_HRTIM_WaveformCountStart  stm32f3xx_hal_hrtim.o
    0x0800234c   0x0800234c   0x0000003a   Code   RO         1031    .text.HAL_HRTIM_WaveformOutputConfig  stm32f3xx_hal_hrtim.o
    0x08002386   0x08002386   0x00000002   PAD
    0x08002388   0x08002388   0x0000002c   Code   RO         1035    .text.HAL_HRTIM_WaveformOutputStart  stm32f3xx_hal_hrtim.o
    0x080023b4   0x080023b4   0x0000002c   Code   RO         1037    .text.HAL_HRTIM_WaveformOutputStop  stm32f3xx_hal_hrtim.o
    0x080023e0   0x080023e0   0x00000248   Code   RO         1017    .text.HAL_HRTIM_WaveformTimerConfig  stm32f3xx_hal_hrtim.o
    0x08002628   0x08002628   0x0000001a   Code   RO          327    .text.HAL_IncTick   stm32f3xx_hal.o
    0x08002642   0x08002642   0x00000002   PAD
    0x08002644   0x08002644   0x00000026   Code   RO          317    .text.HAL_Init      stm32f3xx_hal.o
    0x0800266a   0x0800266a   0x00000002   PAD
    0x0800266c   0x0800266c   0x00000048   Code   RO          319    .text.HAL_InitTick  stm32f3xx_hal.o
    0x080026b4   0x080026b4   0x00000032   Code   RO          167    .text.HAL_MspInit   stm32f3xx_hal_msp.o
    0x080026e6   0x080026e6   0x00000002   PAD
    0x080026e8   0x080026e8   0x00000022   Code   RO          488    .text.HAL_NVIC_EnableIRQ  stm32f3xx_hal_cortex.o
    0x0800270a   0x0800270a   0x00000002   PAD
    0x0800270c   0x0800270c   0x00000056   Code   RO          486    .text.HAL_NVIC_SetPriority  stm32f3xx_hal_cortex.o
    0x08002762   0x08002762   0x00000002   PAD
    0x08002764   0x08002764   0x00000020   Code   RO          484    .text.HAL_NVIC_SetPriorityGrouping  stm32f3xx_hal_cortex.o
    0x08002784   0x08002784   0x00000158   Code   RO          414    .text.HAL_RCCEx_PeriphCLKConfig  stm32f3xx_hal_rcc_ex.o
    0x080028dc   0x080028dc   0x000001a2   Code   RO          381    .text.HAL_RCC_ClockConfig  stm32f3xx_hal_rcc.o
    0x08002a7e   0x08002a7e   0x00000002   PAD
    0x08002a80   0x08002a80   0x00000026   Code   RO          393    .text.HAL_RCC_GetPCLK1Freq  stm32f3xx_hal_rcc.o
    0x08002aa6   0x08002aa6   0x00000002   PAD
    0x08002aa8   0x08002aa8   0x00000056   Code   RO          383    .text.HAL_RCC_GetSysClockFreq  stm32f3xx_hal_rcc.o
    0x08002afe   0x08002afe   0x00000002   PAD
    0x08002b00   0x08002b00   0x000003a8   Code   RO          379    .text.HAL_RCC_OscConfig  stm32f3xx_hal_rcc.o
    0x08002ea8   0x08002ea8   0x0000002c   Code   RO          496    .text.HAL_SYSTICK_Config  stm32f3xx_hal_cortex.o
    0x08002ed4   0x08002ed4   0x00000002   Code   RO         1455    .text.HAL_TIMEx_Break2Callback  stm32f3xx_hal_tim_ex.o
    0x08002ed6   0x08002ed6   0x00000002   PAD
    0x08002ed8   0x08002ed8   0x00000002   Code   RO         1453    .text.HAL_TIMEx_BreakCallback  stm32f3xx_hal_tim_ex.o
    0x08002eda   0x08002eda   0x00000002   PAD
    0x08002edc   0x08002edc   0x00000002   Code   RO         1449    .text.HAL_TIMEx_CommutCallback  stm32f3xx_hal_tim_ex.o
    0x08002ede   0x08002ede   0x00000002   PAD
    0x08002ee0   0x08002ee0   0x00000086   Code   RO         1441    .text.HAL_TIMEx_MasterConfigSynchronization  stm32f3xx_hal_tim_ex.o
    0x08002f66   0x08002f66   0x00000002   PAD
    0x08002f68   0x08002f68   0x00000126   Code   RO         1146    .text.HAL_TIM_Base_Init  stm32f3xx_hal_tim.o
    0x0800308e   0x0800308e   0x00000002   PAD
    0x08003090   0x08003090   0x0000003e   Code   RO          106    .text.HAL_TIM_Base_MspInit  tim.o
    0x080030ce   0x080030ce   0x00000002   PAD
    0x080030d0   0x080030d0   0x0000007a   Code   RO         1160    .text.HAL_TIM_Base_Start_IT  stm32f3xx_hal_tim.o
    0x0800314a   0x0800314a   0x00000002   PAD
    0x0800314c   0x0800314c   0x000001a0   Code   RO         1326    .text.HAL_TIM_ConfigClockSource  stm32f3xx_hal_tim.o
    0x080032ec   0x080032ec   0x00000002   Code   RO         1282    .text.HAL_TIM_IC_CaptureCallback  stm32f3xx_hal_tim.o
    0x080032ee   0x080032ee   0x00000002   PAD
    0x080032f0   0x080032f0   0x0000016c   Code   RO         1280    .text.HAL_TIM_IRQHandler  stm32f3xx_hal_tim.o
    0x0800345c   0x0800345c   0x00000002   Code   RO         1284    .text.HAL_TIM_OC_DelayElapsedCallback  stm32f3xx_hal_tim.o
    0x0800345e   0x0800345e   0x00000002   PAD
    0x08003460   0x08003460   0x00000002   Code   RO         1286    .text.HAL_TIM_PWM_PulseFinishedCallback  stm32f3xx_hal_tim.o
    0x08003462   0x08003462   0x00000002   PAD
    0x08003464   0x08003464   0x0000011c   Code   RO           17    .text.HAL_TIM_PeriodElapsedCallback  main.o
    0x08003580   0x08003580   0x00000002   Code   RO         1290    .text.HAL_TIM_TriggerCallback  stm32f3xx_hal_tim.o
    0x08003582   0x08003582   0x00000002   PAD
    0x08003584   0x08003584   0x00000060   Code   RO         1469    .text.HAL_UART_Init  stm32f3xx_hal_uart.o
    0x080035e4   0x080035e4   0x0000006a   Code   RO          121    .text.HAL_UART_MspInit  usart.o
    0x0800364e   0x0800364e   0x00000002   PAD
    0x08003650   0x08003650   0x0000018e   Code   RO         1489    .text.HAL_UART_Transmit  stm32f3xx_hal_uart.o
    0x080037de   0x080037de   0x00000002   PAD
    0x080037e0   0x080037e0   0x000000e6   Code   RO          945    .text.HRTIM_OutputConfig  stm32f3xx_hal_hrtim.o
    0x080038c6   0x080038c6   0x00000002   PAD
    0x080038c8   0x080038c8   0x00000002   Code   RO          136    .text.HardFault_Handler  stm32f3xx_it.o
    0x080038ca   0x080038ca   0x00000002   PAD
    0x080038cc   0x080038cc   0x00000028   Code   RO         1735    .text.LimitMax      function.o
    0x080038f4   0x080038f4   0x000000dc   Code   RO           43    .text.MX_ADC1_Init  adc.o
    0x080039d0   0x080039d0   0x000000b0   Code   RO           45    .text.MX_ADC2_Init  adc.o
    0x08003a80   0x08003a80   0x00000040   Code   RO           63    .text.MX_CAN_Init   can.o
    0x08003ac0   0x08003ac0   0x00000044   Code   RO           78    .text.MX_DMA_Init   dma.o
    0x08003b04   0x08003b04   0x00000086   Code   RO           33    .text.MX_GPIO_Init  gpio.o
    0x08003b8a   0x08003b8a   0x00000002   PAD
    0x08003b8c   0x08003b8c   0x0000032c   Code   RO           87    .text.MX_HRTIM1_Init  hrtim.o
    0x08003eb8   0x08003eb8   0x00000074   Code   RO          104    .text.MX_TIM2_Init  tim.o
    0x08003f2c   0x08003f2c   0x00000040   Code   RO          119    .text.MX_USART2_UART_Init  usart.o
    0x08003f6c   0x08003f6c   0x00000002   Code   RO          138    .text.MemManage_Handler  stm32f3xx_it.o
    0x08003f6e   0x08003f6e   0x00000002   PAD
    0x08003f70   0x08003f70   0x0000004a   Code   RO         1731    .text.MyPrintf      function.o
    0x08003fba   0x08003fba   0x00000002   PAD
    0x08003fbc   0x08003fbc   0x00000002   Code   RO          134    .text.NMI_Handler   stm32f3xx_it.o
    0x08003fbe   0x08003fbe   0x00000002   PAD
    0x08003fc0   0x08003fc0   0x00000092   Code   RO         1650    .text.PID_calc      pid.o
    0x08004052   0x08004052   0x00000002   PAD
    0x08004054   0x08004054   0x00000030   Code   RO         1648    .text.PID_init      pid.o
    0x08004084   0x08004084   0x00000002   Code   RO          148    .text.PendSV_Handler  stm32f3xx_it.o
    0x08004086   0x08004086   0x00000002   PAD
    0x08004088   0x08004088   0x0000018c   Code   RO         1692    .text.Power_Loop    cap.o
    0x08004214   0x08004214   0x00000002   Code   RO          144    .text.SVC_Handler   stm32f3xx_it.o
    0x08004216   0x08004216   0x00000002   PAD
    0x08004218   0x08004218   0x00000004   Code   RO          150    .text.SysTick_Handler  stm32f3xx_it.o
    0x0800421c   0x0800421c   0x00000012   Code   RO         1631    .text.SystemInit    system_stm32f3xx.o
    0x0800422e   0x0800422e   0x00000002   PAD
    0x08004230   0x08004230   0x0000000c   Code   RO          158    .text.TIM2_IRQHandler  stm32f3xx_it.o
    0x0800423c   0x0800423c   0x000000ea   Code   RO         1473    .text.UART_AdvFeatureConfig  stm32f3xx_hal_uart.o
    0x08004326   0x08004326   0x00000002   PAD
    0x08004328   0x08004328   0x00000168   Code   RO         1477    .text.UART_CheckIdleState  stm32f3xx_hal_uart.o
    0x08004490   0x08004490   0x0000015c   Code   RO         1475    .text.UART_SetConfig  stm32f3xx_hal_uart.o
    0x080045ec   0x080045ec   0x00000340   Code   RO         1491    .text.UART_WaitOnFlagUntilTimeout  stm32f3xx_hal_uart.o
    0x0800492c   0x0800492c   0x00000002   Code   RO          142    .text.UsageFault_Handler  stm32f3xx_it.o
    0x0800492e   0x0800492e   0x00000002   PAD
    0x08004930   0x08004930   0x00000264   Code   RO         1690    .text.adc_solve     cap.o
    0x08004b94   0x08004b94   0x0000003a   Code   RO         1722    .text.led_error     state_led.o
    0x08004bce   0x08004bce   0x00000002   PAD
    0x08004bd0   0x08004bd0   0x00000140   Code   RO           11    .text.main          main.o
    0x08004d10   0x08004d10   0x00000050   Code   RO         1696    .text.mode_choose   cap.o
    0x08004d60   0x08004d60   0x0000011c   Code   RO         1688    .text.system_init   cap.o
    0x08004e7c   0x08004e7c   0x00000034   Code   RO         1763    i.__0vsnprintf      mc_w.l(printfa.o)
    0x08004eb0   0x08004eb0   0x0000000e   Code   RO         1844    i.__scatterload_copy  mc_w.l(handlers.o)
    0x08004ebe   0x08004ebe   0x00000002   Code   RO         1845    i.__scatterload_null  mc_w.l(handlers.o)
    0x08004ec0   0x08004ec0   0x0000000e   Code   RO         1846    i.__scatterload_zeroinit  mc_w.l(handlers.o)
    0x08004ece   0x08004ece   0x00000002   PAD
    0x08004ed0   0x08004ed0   0x00000184   Code   RO         1765    i._fp_digits        mc_w.l(printfa.o)
    0x08005054   0x08005054   0x000006dc   Code   RO         1766    i._printf_core      mc_w.l(printfa.o)
    0x08005730   0x08005730   0x00000024   Code   RO         1767    i._printf_post_padding  mc_w.l(printfa.o)
    0x08005754   0x08005754   0x0000002e   Code   RO         1768    i._printf_pre_padding  mc_w.l(printfa.o)
    0x08005782   0x08005782   0x00000016   Code   RO         1769    i._snputc           mc_w.l(printfa.o)
    0x08005798   0x08005798   0x00000010   Data   RO         1636    .rodata.AHBPrescTable  system_stm32f3xx.o
    0x080057a8   0x080057a8   0x00000008   Data   RO         1637    .rodata.APBPrescTable  system_stm32f3xx.o
    0x080057b0   0x080057b0   0x00000020   Data   RO          405    .rodata.cst16       stm32f3xx_hal_rcc.o
    0x080057d0   0x080057d0   0x00000020   Data   RO         1843    Region$$Table       anon$$obj.o


    Execution Region RW_IRAM2 (Exec base: 0x10000000, Load base: 0x08005870, Size: 0x00000000, Max: 0x00001000, ABSOLUTE)

    **** No section assigned to this execution region ****


    Execution Region RW_IRAM1 (Exec base: 0x20000000, Load base: 0x080057f0, Size: 0x00000a48, Max: 0x00003000, ABSOLUTE, COMPRESSED[0x00000080])

    Exec Addr    Load Addr    Size         Type   Attr      Idx    E Section Name        Object

    0x20000000   COMPRESSED   0x00000008   Data   RW          368    .data..L_MergedGlobals  stm32f3xx_hal.o
    0x20000008   COMPRESSED   0x00000064   Data   RW         1712    .data..L_MergedGlobals  cap.o
    0x2000006c   COMPRESSED   0x00000004   Data   RW         1635    .data.SystemCoreClock  system_stm32f3xx.o
    0x20000070   COMPRESSED   0x000000e4   Data   RW         1705    .data.adc_data      cap.o
    0x20000154   COMPRESSED   0x00000004   PAD
    0x20000158        -       0x0000000c   Zero   RW           24    .bss..L_MergedGlobals  main.o
    0x20000164        -       0x00000048   Zero   RW           54    .bss..L_MergedGlobals  adc.o
    0x200001ac        -       0x00000074   Zero   RW         1713    .bss..L_MergedGlobals.1  cap.o
    0x20000220        -       0x00000050   Zero   RW           51    .bss.hadc1          adc.o
    0x20000270        -       0x00000050   Zero   RW           52    .bss.hadc2          adc.o
    0x200002c0        -       0x00000028   Zero   RW           69    .bss.hcan           can.o
    0x200002e8        -       0x00000024   Zero   RW         1674    .bss.hcanRxFrame    can_receive.o
    0x2000030c        -       0x00000044   Zero   RW           53    .bss.hdma_adc2      adc.o
    0x20000350        -       0x000000dc   Zero   RW           95    .bss.hhrtim1        hrtim.o
    0x2000042c        -       0x0000004c   Zero   RW          110    .bss.htim2          tim.o
    0x20000478        -       0x00000088   Zero   RW          125    .bss.huart2         usart.o
    0x20000500        -       0x00000064   Zero   RW         1708    .bss.pid_boost_i    cap.o
    0x20000564        -       0x00000064   Zero   RW         1707    .bss.pid_boost_v    cap.o
    0x200005c8        -       0x00000064   Zero   RW         1706    .bss.pid_buck_i     cap.o
    0x2000062c        -       0x00000010   Zero   RW         1711    .bss.supercap_measure  cap.o
    0x2000063c        -       0x00000001   Zero   RW         1724    .bss.system_data    state_led.o
    0x2000063d   COMPRESSED   0x00000003   PAD
    0x20000640        -       0x00000004   Zero   RW          367    .bss.uwTick         stm32f3xx_hal.o
    0x20000644   COMPRESSED   0x00000004   PAD
    0x20000648        -       0x00000400   Zero   RW            1    STACK               startup_stm32f334x8.o


==============================================================================

Image component sizes


      Code (inc. data)   RO Data    RW Data    ZI Data      Debug   Object Name

       812          0          0          0        300       6245   adc.o
       184          0          0          0         40       5409   can.o
       112          0          0          0         36       5325   can_receive.o
      1430         64          0        328        432      12900   cap.o
        68          0          0          0          0       2429   dma.o
       114          0          0          0          0       5970   function.o
       134          0          0          0          0       1931   gpio.o
       860          0          0          0        220       9277   hrtim.o
       614         44          0          0         12       7856   main.o
       194          0          0          0          0       2612   pid.o
        36          8        392          0       1024        836   startup_stm32f334x8.o
        58          0          0          0          1       1508   state_led.o
       148          0          0          8          4       6042   stm32f3xx_hal.o
         6          0          0          0          0       6911   stm32f3xx_hal_adc.o
      2590          6          0          0          0      30671   stm32f3xx_hal_adc_ex.o
      1542          6          0          0          0      13588   stm32f3xx_hal_can.o
       196          0          0          0          0       8637   stm32f3xx_hal_cortex.o
       440          0          0          0          0       7739   stm32f3xx_hal_dma.o
       470          0          0          0          0       4970   stm32f3xx_hal_gpio.o
      2106        128          0          0          0      63764   stm32f3xx_hal_hrtim.o
        50          0          0          0          0       1007   stm32f3xx_hal_msp.o
      1478          0         32          0          0       7517   stm32f3xx_hal_rcc.o
       344          0          0          0          0       4587   stm32f3xx_hal_rcc_ex.o
      1204          0          0          0          0      61411   stm32f3xx_hal_tim.o
       140          0          0          0          0      21175   stm32f3xx_hal_tim_ex.o
      2268         40          0          0          0      35020   stm32f3xx_hal_uart.o
        68          0          0          0          0       6300   stm32f3xx_it.o
        18          0         24          4          0       2207   system_stm32f3xx.o
       178          0          0          0         76       6390   tim.o
       170          0          0          0        136       4962   usart.o

    ----------------------------------------------------------------------
     18176        296        480        340       2292     355196   Object Totals
         0          0         32          0          0          0   (incl. Generated)
       144          0          0          0         11          0   (incl. Padding)

    ----------------------------------------------------------------------

      Code (inc. data)   RO Data    RW Data    ZI Data      Debug   Library Member Name

        58          0          0          0          0          0   __dczerorl.o
         0          0          0          0          0          0   entry.o
         0          0          0          0          0          0   entry10a.o
         0          0          0          0          0          0   entry11a.o
         8          4          0          0          0          0   entry2.o
         4          0          0          0          0          0   entry5.o
         0          0          0          0          0          0   entry7b.o
         0          0          0          0          0          0   entry8b.o
         8          4          0          0          0          0   entry9a.o
        30          0          0          0          0          0   handlers.o
        48         10          0          0          0         68   init.o
         0          0          0          0          0          0   iusefp.o
        30          0          0          0          0         68   llshl.o
        36          0          0          0          0         68   llsshr.o
        32          0          0          0          0         68   llushr.o
        36          0          0          0          0        108   memseta.o
      2300         86          0          0          0        516   printfa.o
        14          0          0          0          0         68   strlen.o
        44          0          0          0          0         80   uidiv.o
        98          0          0          0          0         92   uldiv.o
        48          0          0          0          0         68   cdrcmple.o
       334          0          0          0          0        148   dadd.o
       222          0          0          0          0        100   ddiv.o
       186          0          0          0          0        176   depilogue.o
        48          0          0          0          0         68   dfixul.o
       228          0          0          0          0         96   dmul.o
        38          0          0          0          0         68   f2d.o

    ----------------------------------------------------------------------
      3856        104          0          0          0       1860   Library Totals
         6          0          0          0          0          0   (incl. Padding)

    ----------------------------------------------------------------------

      Code (inc. data)   RO Data    RW Data    ZI Data      Debug   Library Name

      2746        104          0          0          0       1136   mc_w.l
      1104          0          0          0          0        724   mf_w.l

    ----------------------------------------------------------------------
      3856        104          0          0          0       1860   Library Totals

    ----------------------------------------------------------------------

==============================================================================


      Code (inc. data)   RO Data    RW Data    ZI Data      Debug   

     22032        400        480        340       2292     355844   Grand Totals
     22032        400        480        128       2292     355844   ELF Image Totals (compressed)
     22032        400        480        128          0          0   ROM Totals

==============================================================================

    Total RO  Size (Code + RO Data)                22512 (  21.98kB)
    Total RW  Size (RW Data + ZI Data)              2632 (   2.57kB)
    Total ROM Size (Code + RO Data + RW Data)      22640 (  22.11kB)

==============================================================================

