<html>
<body>
<pre>
<h1>µVision Build Log</h1>
<h2>Tool Versions:</h2>
IDE-Version: ¦ÌVision V5.39.0.0
Copyright (C) 2023 ARM Ltd and ARM Germany GmbH. All rights reserved.
License Information: Hasee,   , LIC=RC93N-YVMDY-Z94G9-4LE9G-EKBDM-27B9V
 
Tool Versions:
Toolchain:       MDK-ARM Plus  Version: 5.39.0.0
Toolchain Path:  D:\app\keil stm32\ARM\ARMCLANG\Bin
C Compiler:      ArmClang.exe V6.21
Assembler:       Armasm.exe V6.21
Linker/Locator:  ArmLink.exe V6.21
Library Manager: ArmAr.exe V6.21
Hex Converter:   FromElf.exe V6.21
CPU DLL:         SARMCM3.DLL V5.39.0.0
Dialog DLL:      DCM.DLL V1.17.5.0
Target DLL:      STLink\ST-LINKIII-KEIL_SWO.dll V3.2.0.0
Dialog DLL:      TCM.DLL V1.56.4.0
 
<h2>Project:</h2>
D:\app\STM32_Project\STM32F334C8T6_Super_cap\MDK-ARM\STM32F334C8T6_Super_cap.uvprojx
Project File Date:  12/03/2024

<h2>Output:</h2>
*** Using Compiler 'V6.21', folder: 'D:\app\keil stm32\ARM\ARMCLANG\Bin'
Rebuild target 'STM32F334C8T6_Super_cap'
compiling can.c...
compiling dma.c...
compiling gpio.c...
compiling main.c...
compiling stm32f3xx_hal_adc.c...
compiling hrtim.c...
compiling stm32f3xx_hal_msp.c...
assembling startup_stm32f334x8.s...
compiling usart.c...
compiling stm32f3xx_it.c...
compiling tim.c...
compiling adc.c...
compiling stm32f3xx_hal.c...
compiling stm32f3xx_hal_rcc_ex.c...
compiling stm32f3xx_hal_pwr.c...
compiling stm32f3xx_hal_dma.c...
compiling stm32f3xx_hal_pwr_ex.c...
compiling stm32f3xx_hal_rcc.c...
compiling stm32f3xx_hal_cortex.c...
compiling stm32f3xx_hal_gpio.c...
compiling stm32f3xx_hal_flash.c...
compiling stm32f3xx_hal_flash_ex.c...
compiling stm32f3xx_hal_i2c_ex.c...
compiling stm32f3xx_hal_exti.c...
compiling stm32f3xx_hal_adc_ex.c...
compiling stm32f3xx_hal_can.c...
compiling system_stm32f3xx.c...
compiling stm32f3xx_hal_uart_ex.c...
compiling pid.c...
compiling can_receive.c...
compiling system.c...
compiling stm32f3xx_hal_tim_ex.c...
compiling state_led.c...
compiling function.c...
compiling cap.c...
compiling stm32f3xx_hal_uart.c...
compiling stm32f3xx_hal_i2c.c...
compiling stm32f3xx_hal_hrtim.c...
compiling stm32f3xx_hal_tim.c...
linking...
Program Size: Code=22032 RO-data=480 RW-data=340 ZI-data=2292  
FromELF: creating hex file...
"STM32F334C8T6_Super_cap\STM32F334C8T6_Super_cap.axf" - 0 Error(s), 0 Warning(s).

<h2>Software Packages used:</h2>

Package Vendor: ARM
                http://www.keil.com/pack/ARM.CMSIS.5.9.0.pack
                ARM::CMSIS@5.9.0
                CMSIS (Common Microcontroller Software Interface Standard)
   * Component: CORE Version: 5.6.0

Package Vendor: Keil
                http://www.keil.com/pack/Keil.STM32F3xx_DFP.2.2.2.pack
                Keil::STM32F3xx_DFP@2.2.2
                STMicroelectronics STM32F3 Series Device Support and Examples

<h2>Collection of Component include folders:</h2>
  ./RTE/_STM32F334C8T6_Super_cap
  D:/app/keil stm32/pack/ARM/CMSIS/5.9.0/CMSIS/Core/Include
  D:/app/keil stm32/pack/STM32F3xx.DFP/Drivers/CMSIS/Device/ST/STM32F3xx/Include

<h2>Collection of Component Files used:</h2>

   * Component: ARM::CMSIS:CORE@5.6.0
      Include file:  CMSIS/Core/Include/tz_context.h
Build Time Elapsed:  00:00:02
</pre>
</body>
</html>
